<?xml version="1.0" encoding="ISO-8859-1" ?>
<link_info>
   <banner>MSP430 Linker PC v18.1.3.LTS</banner>
   <copyright>Copyright (c) 2003-2017 Texas Instruments Incorporated</copyright>
   <link_time>0x5bbdc369</link_time>
   <link_errors>0x0</link_errors>
   <output_file>helloworld.out</output_file>
   <entry_point>
      <name>_c_int00_noargs_mpu</name>
      <address>0x4800</address>
   </entry_point>
   <input_file_list>
      <input_file id="fl-2">
         <path>.\</path>
         <kind>object</kind>
         <file>hello.obj</file>
         <name>hello.obj</name>
      </input_file>
      <input_file id="fl-9">
         <kind>object</kind>
         <file>&lt;internal&gt;</file>
         <name>&lt;internal&gt;</name>
      </input_file>
      <input_file id="fl-29">
         <path>C:\ti\ccsv8\tools\compiler\ti-cgt-msp430_18.1.3.LTS\lib\</path>
         <kind>archive</kind>
         <file>rts430x_lc_rd_eabi.lib</file>
         <name>copy_decompress_lzss.c.obj</name>
      </input_file>
      <input_file id="fl-2a">
         <path>C:\ti\ccsv8\tools\compiler\ti-cgt-msp430_18.1.3.LTS\lib\</path>
         <kind>archive</kind>
         <file>rts430x_lc_rd_eabi.lib</file>
         <name>copy_decompress_none.c.obj</name>
      </input_file>
      <input_file id="fl-2b">
         <path>C:\ti\ccsv8\tools\compiler\ti-cgt-msp430_18.1.3.LTS\lib\</path>
         <kind>archive</kind>
         <file>rts430x_lc_rd_eabi.lib</file>
         <name>int27.asm.obj</name>
      </input_file>
      <input_file id="fl-2c">
         <path>C:\ti\ccsv8\tools\compiler\ti-cgt-msp430_18.1.3.LTS\lib\</path>
         <kind>archive</kind>
         <file>rts430x_lc_rd_eabi.lib</file>
         <name>isr_trap.asm.obj</name>
      </input_file>
      <input_file id="fl-2d">
         <path>C:\ti\ccsv8\tools\compiler\ti-cgt-msp430_18.1.3.LTS\lib\</path>
         <kind>archive</kind>
         <file>rts430x_lc_rd_eabi.lib</file>
         <name>int28.asm.obj</name>
      </input_file>
      <input_file id="fl-2e">
         <path>C:\ti\ccsv8\tools\compiler\ti-cgt-msp430_18.1.3.LTS\lib\</path>
         <kind>archive</kind>
         <file>rts430x_lc_rd_eabi.lib</file>
         <name>int29.asm.obj</name>
      </input_file>
      <input_file id="fl-2f">
         <path>C:\ti\ccsv8\tools\compiler\ti-cgt-msp430_18.1.3.LTS\lib\</path>
         <kind>archive</kind>
         <file>rts430x_lc_rd_eabi.lib</file>
         <name>int30.asm.obj</name>
      </input_file>
      <input_file id="fl-30">
         <path>C:\ti\ccsv8\tools\compiler\ti-cgt-msp430_18.1.3.LTS\lib\</path>
         <kind>archive</kind>
         <file>rts430x_lc_rd_eabi.lib</file>
         <name>int31.asm.obj</name>
      </input_file>
      <input_file id="fl-31">
         <path>C:\ti\ccsv8\tools\compiler\ti-cgt-msp430_18.1.3.LTS\lib\</path>
         <kind>archive</kind>
         <file>rts430x_lc_rd_eabi.lib</file>
         <name>int32.asm.obj</name>
      </input_file>
      <input_file id="fl-32">
         <path>C:\ti\ccsv8\tools\compiler\ti-cgt-msp430_18.1.3.LTS\lib\</path>
         <kind>archive</kind>
         <file>rts430x_lc_rd_eabi.lib</file>
         <name>int33.asm.obj</name>
      </input_file>
      <input_file id="fl-33">
         <path>C:\ti\ccsv8\tools\compiler\ti-cgt-msp430_18.1.3.LTS\lib\</path>
         <kind>archive</kind>
         <file>rts430x_lc_rd_eabi.lib</file>
         <name>int34.asm.obj</name>
      </input_file>
      <input_file id="fl-34">
         <path>C:\ti\ccsv8\tools\compiler\ti-cgt-msp430_18.1.3.LTS\lib\</path>
         <kind>archive</kind>
         <file>rts430x_lc_rd_eabi.lib</file>
         <name>int35.asm.obj</name>
      </input_file>
      <input_file id="fl-35">
         <path>C:\ti\ccsv8\tools\compiler\ti-cgt-msp430_18.1.3.LTS\lib\</path>
         <kind>archive</kind>
         <file>rts430x_lc_rd_eabi.lib</file>
         <name>int36.asm.obj</name>
      </input_file>
      <input_file id="fl-36">
         <path>C:\ti\ccsv8\tools\compiler\ti-cgt-msp430_18.1.3.LTS\lib\</path>
         <kind>archive</kind>
         <file>rts430x_lc_rd_eabi.lib</file>
         <name>int37.asm.obj</name>
      </input_file>
      <input_file id="fl-37">
         <path>C:\ti\ccsv8\tools\compiler\ti-cgt-msp430_18.1.3.LTS\lib\</path>
         <kind>archive</kind>
         <file>rts430x_lc_rd_eabi.lib</file>
         <name>int38.asm.obj</name>
      </input_file>
      <input_file id="fl-38">
         <path>C:\ti\ccsv8\tools\compiler\ti-cgt-msp430_18.1.3.LTS\lib\</path>
         <kind>archive</kind>
         <file>rts430x_lc_rd_eabi.lib</file>
         <name>int39.asm.obj</name>
      </input_file>
      <input_file id="fl-39">
         <path>C:\ti\ccsv8\tools\compiler\ti-cgt-msp430_18.1.3.LTS\lib\</path>
         <kind>archive</kind>
         <file>rts430x_lc_rd_eabi.lib</file>
         <name>int40.asm.obj</name>
      </input_file>
      <input_file id="fl-3a">
         <path>C:\ti\ccsv8\tools\compiler\ti-cgt-msp430_18.1.3.LTS\lib\</path>
         <kind>archive</kind>
         <file>rts430x_lc_rd_eabi.lib</file>
         <name>int41.asm.obj</name>
      </input_file>
      <input_file id="fl-3b">
         <path>C:\ti\ccsv8\tools\compiler\ti-cgt-msp430_18.1.3.LTS\lib\</path>
         <kind>archive</kind>
         <file>rts430x_lc_rd_eabi.lib</file>
         <name>int42.asm.obj</name>
      </input_file>
      <input_file id="fl-3c">
         <path>C:\ti\ccsv8\tools\compiler\ti-cgt-msp430_18.1.3.LTS\lib\</path>
         <kind>archive</kind>
         <file>rts430x_lc_rd_eabi.lib</file>
         <name>int43.asm.obj</name>
      </input_file>
      <input_file id="fl-3d">
         <path>C:\ti\ccsv8\tools\compiler\ti-cgt-msp430_18.1.3.LTS\lib\</path>
         <kind>archive</kind>
         <file>rts430x_lc_rd_eabi.lib</file>
         <name>int44.asm.obj</name>
      </input_file>
      <input_file id="fl-3e">
         <path>C:\ti\ccsv8\tools\compiler\ti-cgt-msp430_18.1.3.LTS\lib\</path>
         <kind>archive</kind>
         <file>rts430x_lc_rd_eabi.lib</file>
         <name>int45.asm.obj</name>
      </input_file>
      <input_file id="fl-3f">
         <path>C:\ti\ccsv8\tools\compiler\ti-cgt-msp430_18.1.3.LTS\lib\</path>
         <kind>archive</kind>
         <file>rts430x_lc_rd_eabi.lib</file>
         <name>int46.asm.obj</name>
      </input_file>
      <input_file id="fl-40">
         <path>C:\ti\ccsv8\tools\compiler\ti-cgt-msp430_18.1.3.LTS\lib\</path>
         <kind>archive</kind>
         <file>rts430x_lc_rd_eabi.lib</file>
         <name>int47.asm.obj</name>
      </input_file>
      <input_file id="fl-41">
         <path>C:\ti\ccsv8\tools\compiler\ti-cgt-msp430_18.1.3.LTS\lib\</path>
         <kind>archive</kind>
         <file>rts430x_lc_rd_eabi.lib</file>
         <name>int48.asm.obj</name>
      </input_file>
      <input_file id="fl-42">
         <path>C:\ti\ccsv8\tools\compiler\ti-cgt-msp430_18.1.3.LTS\lib\</path>
         <kind>archive</kind>
         <file>rts430x_lc_rd_eabi.lib</file>
         <name>int49.asm.obj</name>
      </input_file>
      <input_file id="fl-43">
         <path>C:\ti\ccsv8\tools\compiler\ti-cgt-msp430_18.1.3.LTS\lib\</path>
         <kind>archive</kind>
         <file>rts430x_lc_rd_eabi.lib</file>
         <name>int50.asm.obj</name>
      </input_file>
      <input_file id="fl-44">
         <path>C:\ti\ccsv8\tools\compiler\ti-cgt-msp430_18.1.3.LTS\lib\</path>
         <kind>archive</kind>
         <file>rts430x_lc_rd_eabi.lib</file>
         <name>int51.asm.obj</name>
      </input_file>
      <input_file id="fl-45">
         <path>C:\ti\ccsv8\tools\compiler\ti-cgt-msp430_18.1.3.LTS\lib\</path>
         <kind>archive</kind>
         <file>rts430x_lc_rd_eabi.lib</file>
         <name>int52.asm.obj</name>
      </input_file>
      <input_file id="fl-46">
         <path>C:\ti\ccsv8\tools\compiler\ti-cgt-msp430_18.1.3.LTS\lib\</path>
         <kind>archive</kind>
         <file>rts430x_lc_rd_eabi.lib</file>
         <name>int53.asm.obj</name>
      </input_file>
      <input_file id="fl-47">
         <path>C:\ti\ccsv8\tools\compiler\ti-cgt-msp430_18.1.3.LTS\lib\</path>
         <kind>archive</kind>
         <file>rts430x_lc_rd_eabi.lib</file>
         <name>int54.asm.obj</name>
      </input_file>
      <input_file id="fl-48">
         <path>C:\ti\ccsv8\tools\compiler\ti-cgt-msp430_18.1.3.LTS\lib\</path>
         <kind>archive</kind>
         <file>rts430x_lc_rd_eabi.lib</file>
         <name>copy_zero_init.c.obj</name>
      </input_file>
      <input_file id="fl-49">
         <path>C:\ti\ccsv8\tools\compiler\ti-cgt-msp430_18.1.3.LTS\lib\</path>
         <kind>archive</kind>
         <file>rts430x_lc_rd_eabi.lib</file>
         <name>mult16_f5hw.asm.obj</name>
      </input_file>
      <input_file id="fl-4a">
         <path>C:\ti\ccsv8\tools\compiler\ti-cgt-msp430_18.1.3.LTS\lib\</path>
         <kind>archive</kind>
         <file>rts430x_lc_rd_eabi.lib</file>
         <name>mult32_f5hw.asm.obj</name>
      </input_file>
      <input_file id="fl-4b">
         <path>C:\ti\ccsv8\tools\compiler\ti-cgt-msp430_18.1.3.LTS\lib\</path>
         <kind>archive</kind>
         <file>rts430x_lc_rd_eabi.lib</file>
         <name>mult64_f5hw.asm.obj</name>
      </input_file>
      <input_file id="fl-4c">
         <path>C:\ti\ccsv8\tools\compiler\ti-cgt-msp430_18.1.3.LTS\lib\</path>
         <kind>archive</kind>
         <file>rts430x_lc_rd_eabi.lib</file>
         <name>mult1632_f5hw.asm.obj</name>
      </input_file>
      <input_file id="fl-4d">
         <path>C:\ti\ccsv8\tools\compiler\ti-cgt-msp430_18.1.3.LTS\lib\</path>
         <kind>archive</kind>
         <file>rts430x_lc_rd_eabi.lib</file>
         <name>mult3264_f5hw.asm.obj</name>
      </input_file>
      <input_file id="fl-4e">
         <path>C:\ti\ccsv8\tools\compiler\ti-cgt-msp430_18.1.3.LTS\lib\</path>
         <kind>archive</kind>
         <file>rts430x_lc_rd_eabi.lib</file>
         <name>boot.c.obj</name>
      </input_file>
      <input_file id="fl-4f">
         <path>C:\ti\ccsv8\ccs_base\msp430\lib\FR59xx\</path>
         <kind>archive</kind>
         <file>MSPMPU_INIT_LIB_CCS_msp430_large_code_restricted_data.lib</file>
         <name>mpu_init.o</name>
      </input_file>
      <input_file id="fl-50">
         <path>C:\ti\ccsv8\tools\compiler\ti-cgt-msp430_18.1.3.LTS\lib\</path>
         <kind>archive</kind>
         <file>rts430x_lc_rd_eabi.lib</file>
         <name>args_main.c.obj</name>
      </input_file>
      <input_file id="fl-51">
         <path>C:\ti\ccsv8\tools\compiler\ti-cgt-msp430_18.1.3.LTS\lib\</path>
         <kind>archive</kind>
         <file>rts430x_lc_rd_eabi.lib</file>
         <name>autoinit.c.obj</name>
      </input_file>
      <input_file id="fl-52">
         <path>C:\ti\ccsv8\tools\compiler\ti-cgt-msp430_18.1.3.LTS\lib\</path>
         <kind>archive</kind>
         <file>rts430x_lc_rd_eabi.lib</file>
         <name>startup.c.obj</name>
      </input_file>
      <input_file id="fl-53">
         <path>C:\ti\ccsv8\tools\compiler\ti-cgt-msp430_18.1.3.LTS\lib\</path>
         <kind>archive</kind>
         <file>rts430x_lc_rd_eabi.lib</file>
         <name>pre_init.c.obj</name>
      </input_file>
      <input_file id="fl-54">
         <path>C:\ti\ccsv8\tools\compiler\ti-cgt-msp430_18.1.3.LTS\lib\</path>
         <kind>archive</kind>
         <file>rts430x_lc_rd_eabi.lib</file>
         <name>cpy_tbl.c.obj</name>
      </input_file>
      <input_file id="fl-55">
         <path>C:\ti\ccsv8\tools\compiler\ti-cgt-msp430_18.1.3.LTS\lib\</path>
         <kind>archive</kind>
         <file>rts430x_lc_rd_eabi.lib</file>
         <name>mult16.asm.obj</name>
      </input_file>
      <input_file id="fl-56">
         <path>C:\ti\ccsv8\tools\compiler\ti-cgt-msp430_18.1.3.LTS\lib\</path>
         <kind>archive</kind>
         <file>rts430x_lc_rd_eabi.lib</file>
         <name>exit.c.obj</name>
      </input_file>
      <input_file id="fl-57">
         <path>C:\ti\ccsv8\tools\compiler\ti-cgt-msp430_18.1.3.LTS\lib\</path>
         <kind>archive</kind>
         <file>rts430x_lc_rd_eabi.lib</file>
         <name>exit_gvars.c.obj</name>
      </input_file>
      <input_file id="fl-58">
         <path>C:\ti\ccsv8\tools\compiler\ti-cgt-msp430_18.1.3.LTS\lib\</path>
         <kind>archive</kind>
         <file>rts430x_lc_rd_eabi.lib</file>
         <name>_lock.c.obj</name>
      </input_file>
      <input_file id="fl-59">
         <path>C:\ti\ccsv8\tools\compiler\ti-cgt-msp430_18.1.3.LTS\lib\</path>
         <kind>archive</kind>
         <file>rts430x_lc_rd_eabi.lib</file>
         <name>memcpy.c.obj</name>
      </input_file>
      <input_file id="fl-5a">
         <path>C:\ti\ccsv8\tools\compiler\ti-cgt-msp430_18.1.3.LTS\lib\</path>
         <kind>archive</kind>
         <file>rts430x_lc_rd_eabi.lib</file>
         <name>printf.c.obj</name>
      </input_file>
      <input_file id="fl-5b">
         <path>C:\ti\ccsv8\tools\compiler\ti-cgt-msp430_18.1.3.LTS\lib\</path>
         <kind>archive</kind>
         <file>rts430x_lc_rd_eabi.lib</file>
         <name>_printfi_min.c.obj</name>
      </input_file>
      <input_file id="fl-5c">
         <path>C:\ti\ccsv8\tools\compiler\ti-cgt-msp430_18.1.3.LTS\lib\</path>
         <kind>archive</kind>
         <file>rts430x_lc_rd_eabi.lib</file>
         <name>div16u.asm.obj</name>
      </input_file>
      <input_file id="fl-5d">
         <path>C:\ti\ccsv8\tools\compiler\ti-cgt-msp430_18.1.3.LTS\lib\</path>
         <kind>archive</kind>
         <file>rts430x_lc_rd_eabi.lib</file>
         <name>lsr64.c.obj</name>
      </input_file>
      <input_file id="fl-5e">
         <path>C:\ti\ccsv8\tools\compiler\ti-cgt-msp430_18.1.3.LTS\lib\</path>
         <kind>archive</kind>
         <file>rts430x_lc_rd_eabi.lib</file>
         <name>defs.c.obj</name>
      </input_file>
      <input_file id="fl-5f">
         <path>C:\ti\ccsv8\tools\compiler\ti-cgt-msp430_18.1.3.LTS\lib\</path>
         <kind>archive</kind>
         <file>rts430x_lc_rd_eabi.lib</file>
         <name>fputc.c.obj</name>
      </input_file>
      <input_file id="fl-60">
         <path>C:\ti\ccsv8\tools\compiler\ti-cgt-msp430_18.1.3.LTS\lib\</path>
         <kind>archive</kind>
         <file>rts430x_lc_rd_eabi.lib</file>
         <name>fflush.c.obj</name>
      </input_file>
      <input_file id="fl-61">
         <path>C:\ti\ccsv8\tools\compiler\ti-cgt-msp430_18.1.3.LTS\lib\</path>
         <kind>archive</kind>
         <file>rts430x_lc_rd_eabi.lib</file>
         <name>_io_perm.c.obj</name>
      </input_file>
      <input_file id="fl-62">
         <path>C:\ti\ccsv8\tools\compiler\ti-cgt-msp430_18.1.3.LTS\lib\</path>
         <kind>archive</kind>
         <file>rts430x_lc_rd_eabi.lib</file>
         <name>fputs.c.obj</name>
      </input_file>
      <input_file id="fl-63">
         <path>C:\ti\ccsv8\tools\compiler\ti-cgt-msp430_18.1.3.LTS\lib\</path>
         <kind>archive</kind>
         <file>rts430x_lc_rd_eabi.lib</file>
         <name>fseek.c.obj</name>
      </input_file>
      <input_file id="fl-64">
         <path>C:\ti\ccsv8\tools\compiler\ti-cgt-msp430_18.1.3.LTS\lib\</path>
         <kind>archive</kind>
         <file>rts430x_lc_rd_eabi.lib</file>
         <name>lseek.c.obj</name>
      </input_file>
      <input_file id="fl-65">
         <path>C:\ti\ccsv8\tools\compiler\ti-cgt-msp430_18.1.3.LTS\lib\</path>
         <kind>archive</kind>
         <file>rts430x_lc_rd_eabi.lib</file>
         <name>write.c.obj</name>
      </input_file>
      <input_file id="fl-66">
         <path>C:\ti\ccsv8\tools\compiler\ti-cgt-msp430_18.1.3.LTS\lib\</path>
         <kind>archive</kind>
         <file>rts430x_lc_rd_eabi.lib</file>
         <name>hostclose.c.obj</name>
      </input_file>
      <input_file id="fl-67">
         <path>C:\ti\ccsv8\tools\compiler\ti-cgt-msp430_18.1.3.LTS\lib\</path>
         <kind>archive</kind>
         <file>rts430x_lc_rd_eabi.lib</file>
         <name>hostlseek.c.obj</name>
      </input_file>
      <input_file id="fl-68">
         <path>C:\ti\ccsv8\tools\compiler\ti-cgt-msp430_18.1.3.LTS\lib\</path>
         <kind>archive</kind>
         <file>rts430x_lc_rd_eabi.lib</file>
         <name>hostopen.c.obj</name>
      </input_file>
      <input_file id="fl-69">
         <path>C:\ti\ccsv8\tools\compiler\ti-cgt-msp430_18.1.3.LTS\lib\</path>
         <kind>archive</kind>
         <file>rts430x_lc_rd_eabi.lib</file>
         <name>hostread.c.obj</name>
      </input_file>
      <input_file id="fl-6a">
         <path>C:\ti\ccsv8\tools\compiler\ti-cgt-msp430_18.1.3.LTS\lib\</path>
         <kind>archive</kind>
         <file>rts430x_lc_rd_eabi.lib</file>
         <name>hostrename.c.obj</name>
      </input_file>
      <input_file id="fl-6b">
         <path>C:\ti\ccsv8\tools\compiler\ti-cgt-msp430_18.1.3.LTS\lib\</path>
         <kind>archive</kind>
         <file>rts430x_lc_rd_eabi.lib</file>
         <name>hostunlink.c.obj</name>
      </input_file>
      <input_file id="fl-6c">
         <path>C:\ti\ccsv8\tools\compiler\ti-cgt-msp430_18.1.3.LTS\lib\</path>
         <kind>archive</kind>
         <file>rts430x_lc_rd_eabi.lib</file>
         <name>hostwrite.c.obj</name>
      </input_file>
      <input_file id="fl-6d">
         <path>C:\ti\ccsv8\tools\compiler\ti-cgt-msp430_18.1.3.LTS\lib\</path>
         <kind>archive</kind>
         <file>rts430x_lc_rd_eabi.lib</file>
         <name>trgmsg.c.obj</name>
      </input_file>
      <input_file id="fl-6e">
         <path>C:\ti\ccsv8\tools\compiler\ti-cgt-msp430_18.1.3.LTS\lib\</path>
         <kind>archive</kind>
         <file>rts430x_lc_rd_eabi.lib</file>
         <name>lsl32.asm.obj</name>
      </input_file>
      <input_file id="fl-6f">
         <path>C:\ti\ccsv8\tools\compiler\ti-cgt-msp430_18.1.3.LTS\lib\</path>
         <kind>archive</kind>
         <file>rts430x_lc_rd_eabi.lib</file>
         <name>memccpy.c.obj</name>
      </input_file>
      <input_file id="fl-70">
         <path>C:\ti\ccsv8\tools\compiler\ti-cgt-msp430_18.1.3.LTS\lib\</path>
         <kind>archive</kind>
         <file>rts430x_lc_rd_eabi.lib</file>
         <name>memchr.c.obj</name>
      </input_file>
      <input_file id="fl-71">
         <path>C:\ti\ccsv8\tools\compiler\ti-cgt-msp430_18.1.3.LTS\lib\</path>
         <kind>archive</kind>
         <file>rts430x_lc_rd_eabi.lib</file>
         <name>memset.c.obj</name>
      </input_file>
      <input_file id="fl-72">
         <path>C:\ti\ccsv8\tools\compiler\ti-cgt-msp430_18.1.3.LTS\lib\</path>
         <kind>archive</kind>
         <file>rts430x_lc_rd_eabi.lib</file>
         <name>setvbuf.c.obj</name>
      </input_file>
      <input_file id="fl-73">
         <path>C:\ti\ccsv8\tools\compiler\ti-cgt-msp430_18.1.3.LTS\lib\</path>
         <kind>archive</kind>
         <file>rts430x_lc_rd_eabi.lib</file>
         <name>fopen.c.obj</name>
      </input_file>
      <input_file id="fl-74">
         <path>C:\ti\ccsv8\tools\compiler\ti-cgt-msp430_18.1.3.LTS\lib\</path>
         <kind>archive</kind>
         <file>rts430x_lc_rd_eabi.lib</file>
         <name>fclose.c.obj</name>
      </input_file>
      <input_file id="fl-75">
         <path>C:\ti\ccsv8\tools\compiler\ti-cgt-msp430_18.1.3.LTS\lib\</path>
         <kind>archive</kind>
         <file>rts430x_lc_rd_eabi.lib</file>
         <name>close.c.obj</name>
      </input_file>
      <input_file id="fl-76">
         <path>C:\ti\ccsv8\tools\compiler\ti-cgt-msp430_18.1.3.LTS\lib\</path>
         <kind>archive</kind>
         <file>rts430x_lc_rd_eabi.lib</file>
         <name>memory.c.obj</name>
      </input_file>
      <input_file id="fl-77">
         <path>C:\ti\ccsv8\tools\compiler\ti-cgt-msp430_18.1.3.LTS\lib\</path>
         <kind>archive</kind>
         <file>rts430x_lc_rd_eabi.lib</file>
         <name>open.c.obj</name>
      </input_file>
      <input_file id="fl-78">
         <path>C:\ti\ccsv8\tools\compiler\ti-cgt-msp430_18.1.3.LTS\lib\</path>
         <kind>archive</kind>
         <file>rts430x_lc_rd_eabi.lib</file>
         <name>div16s.asm.obj</name>
      </input_file>
      <input_file id="fl-79">
         <path>C:\ti\ccsv8\tools\compiler\ti-cgt-msp430_18.1.3.LTS\lib\</path>
         <kind>archive</kind>
         <file>rts430x_lc_rd_eabi.lib</file>
         <name>getdevice.c.obj</name>
      </input_file>
      <input_file id="fl-7a">
         <path>C:\ti\ccsv8\tools\compiler\ti-cgt-msp430_18.1.3.LTS\lib\</path>
         <kind>archive</kind>
         <file>rts430x_lc_rd_eabi.lib</file>
         <name>remove.c.obj</name>
      </input_file>
      <input_file id="fl-7b">
         <path>C:\ti\ccsv8\tools\compiler\ti-cgt-msp430_18.1.3.LTS\lib\</path>
         <kind>archive</kind>
         <file>rts430x_lc_rd_eabi.lib</file>
         <name>strchr.c.obj</name>
      </input_file>
      <input_file id="fl-7c">
         <path>C:\ti\ccsv8\tools\compiler\ti-cgt-msp430_18.1.3.LTS\lib\</path>
         <kind>archive</kind>
         <file>rts430x_lc_rd_eabi.lib</file>
         <name>strcmp.c.obj</name>
      </input_file>
      <input_file id="fl-7d">
         <path>C:\ti\ccsv8\tools\compiler\ti-cgt-msp430_18.1.3.LTS\lib\</path>
         <kind>archive</kind>
         <file>rts430x_lc_rd_eabi.lib</file>
         <name>strcpy.c.obj</name>
      </input_file>
      <input_file id="fl-7e">
         <path>C:\ti\ccsv8\tools\compiler\ti-cgt-msp430_18.1.3.LTS\lib\</path>
         <kind>archive</kind>
         <file>rts430x_lc_rd_eabi.lib</file>
         <name>strlen.c.obj</name>
      </input_file>
      <input_file id="fl-7f">
         <path>C:\ti\ccsv8\tools\compiler\ti-cgt-msp430_18.1.3.LTS\lib\</path>
         <kind>archive</kind>
         <file>rts430x_lc_rd_eabi.lib</file>
         <name>strncpy.c.obj</name>
      </input_file>
      <input_file id="fl-80">
         <path>C:\ti\ccsv8\tools\compiler\ti-cgt-msp430_18.1.3.LTS\lib\</path>
         <kind>archive</kind>
         <file>rts430x_lc_rd_eabi.lib</file>
         <name>unlink.c.obj</name>
      </input_file>
   </input_file_list>
   <object_component_list>
      <object_component id="oc-921">
         <name>.cio</name>
         <uninitialized>true</uninitialized>
         <run_address>0x4400</run_address>
         <size>0x120</size>
         <input_file_ref idref="fl-6d"/>
      </object_component>
      <object_component id="oc-623">
         <name>.sysmem</name>
         <uninitialized>true</uninitialized>
         <run_address>0x4520</run_address>
         <size>0x6</size>
         <input_file_ref idref="fl-76"/>
      </object_component>
      <object_component id="oc-9e3">
         <name>.sysmem</name>
         <uninitialized>true</uninitialized>
         <run_address>0x4520</run_address>
         <size>0x0</size>
      </object_component>
      <object_component id="oc-9e1">
         <name>.cinit..data.load</name>
         <load_address>0x484a</load_address>
         <run_address>0x484a</run_address>
         <size>0x55</size>
      </object_component>
      <object_component id="oc-9de">
         <name>__TI_handler_table</name>
         <load_address>0x48a0</load_address>
         <run_address>0x48a0</run_address>
         <size>0xc</size>
      </object_component>
      <object_component id="oc-9e0">
         <name>.cinit..bss.load</name>
         <load_address>0x48ac</load_address>
         <run_address>0x48ac</run_address>
         <size>0x6</size>
      </object_component>
      <object_component id="oc-9df">
         <name>__TI_cinit_table</name>
         <load_address>0x48b2</load_address>
         <run_address>0x48b2</run_address>
         <size>0x10</size>
      </object_component>
      <object_component id="oc-96e">
         <name>.binit</name>
         <load_address>0x4400</load_address>
         <run_address>0x4400</run_address>
         <size>0x0</size>
      </object_component>
      <object_component id="oc-7f4">
         <name>.const:.string</name>
         <load_address>0x4828</load_address>
         <run_address>0x4828</run_address>
         <size>0x14</size>
         <input_file_ref idref="fl-5b"/>
      </object_component>
      <object_component id="oc-6d1">
         <name>.const:.string</name>
         <load_address>0x483c</load_address>
         <run_address>0x483c</run_address>
         <size>0xe</size>
         <input_file_ref idref="fl-2"/>
      </object_component>
      <object_component id="oc-66d">
         <name>.text:_isr:_c_int00_noargs_mpu</name>
         <load_address>0x4800</load_address>
         <run_address>0x4800</run_address>
         <size>0x20</size>
         <input_file_ref idref="fl-4e"/>
      </object_component>
      <object_component id="oc-63e">
         <name>.text:_isr:__TI_ISR_TRAP</name>
         <load_address>0x4820</load_address>
         <run_address>0x4820</run_address>
         <size>0x8</size>
         <input_file_ref idref="fl-2c"/>
      </object_component>
      <object_component id="oc-788">
         <name>.text:_setfield</name>
         <load_address>0x10000</load_address>
         <run_address>0x10000</run_address>
         <size>0x132</size>
         <input_file_ref idref="fl-5b"/>
      </object_component>
      <object_component id="oc-774">
         <name>.text:fputs</name>
         <load_address>0x10132</load_address>
         <run_address>0x10132</run_address>
         <size>0xf0</size>
         <input_file_ref idref="fl-62"/>
      </object_component>
      <object_component id="oc-824">
         <name>.text:setvbuf</name>
         <load_address>0x10222</load_address>
         <run_address>0x10222</run_address>
         <size>0xde</size>
         <input_file_ref idref="fl-72"/>
      </object_component>
      <object_component id="oc-72f">
         <name>.text:__TI_printfi_minimal</name>
         <load_address>0x10300</load_address>
         <run_address>0x10300</run_address>
         <size>0xdc</size>
         <input_file_ref idref="fl-5b"/>
      </object_component>
      <object_component id="oc-7f5">
         <name>.text:_pproc_diouxp</name>
         <load_address>0x103dc</load_address>
         <run_address>0x103dc</run_address>
         <size>0xda</size>
         <input_file_ref idref="fl-5b"/>
      </object_component>
      <object_component id="oc-854">
         <name>.text:malloc</name>
         <load_address>0x104b6</load_address>
         <run_address>0x104b6</run_address>
         <size>0xbc</size>
         <input_file_ref idref="fl-76"/>
      </object_component>
      <object_component id="oc-8c0">
         <name>.text:HOSTlseek</name>
         <load_address>0x10572</load_address>
         <run_address>0x10572</run_address>
         <size>0x9a</size>
         <input_file_ref idref="fl-67"/>
      </object_component>
      <object_component id="oc-77b">
         <name>.text:fputc</name>
         <load_address>0x1060c</load_address>
         <run_address>0x1060c</run_address>
         <size>0x90</size>
         <input_file_ref idref="fl-5f"/>
      </object_component>
      <object_component id="oc-84e">
         <name>.text:free</name>
         <load_address>0x1069c</load_address>
         <run_address>0x1069c</run_address>
         <size>0x8e</size>
         <input_file_ref idref="fl-76"/>
      </object_component>
      <object_component id="oc-7d0">
         <name>.text:__TI_wrt_ok</name>
         <load_address>0x1072a</load_address>
         <run_address>0x1072a</run_address>
         <size>0x7e</size>
         <input_file_ref idref="fl-61"/>
      </object_component>
      <object_component id="oc-7a">
         <name>.text:decompress:lzss:__TI_decompress_lzss</name>
         <load_address>0x107a8</load_address>
         <run_address>0x107a8</run_address>
         <size>0x76</size>
         <input_file_ref idref="fl-29"/>
      </object_component>
      <object_component id="oc-8cc">
         <name>.text:HOSTrename</name>
         <load_address>0x1081e</load_address>
         <run_address>0x1081e</run_address>
         <size>0x74</size>
         <input_file_ref idref="fl-6a"/>
      </object_component>
      <object_component id="oc-89c">
         <name>.text:__TI_closefile</name>
         <load_address>0x10892</load_address>
         <run_address>0x10892</run_address>
         <size>0x74</size>
         <input_file_ref idref="fl-74"/>
      </object_component>
      <object_component id="oc-8a8">
         <name>.text:HOSTopen</name>
         <load_address>0x10906</load_address>
         <run_address>0x10906</run_address>
         <size>0x70</size>
         <input_file_ref idref="fl-68"/>
      </object_component>
      <object_component id="oc-8ba">
         <name>.text:HOSTwrite</name>
         <load_address>0x10976</load_address>
         <run_address>0x10976</run_address>
         <size>0x6c</size>
         <input_file_ref idref="fl-6c"/>
      </object_component>
      <object_component id="oc-8b4">
         <name>.text:HOSTread</name>
         <load_address>0x109e2</load_address>
         <run_address>0x109e2</run_address>
         <size>0x6a</size>
         <input_file_ref idref="fl-69"/>
      </object_component>
      <object_component id="oc-81e">
         <name>.text:fseek</name>
         <load_address>0x10a4c</load_address>
         <run_address>0x10a4c</run_address>
         <size>0x6a</size>
         <input_file_ref idref="fl-63"/>
      </object_component>
      <object_component id="oc-7dc">
         <name>.text:__TI_doflush</name>
         <load_address>0x10ab6</load_address>
         <run_address>0x10ab6</run_address>
         <size>0x64</size>
         <input_file_ref idref="fl-60"/>
      </object_component>
      <object_component id="oc-8db">
         <name>.text:close</name>
         <load_address>0x10b1a</load_address>
         <run_address>0x10b1a</run_address>
         <size>0x5a</size>
         <input_file_ref idref="fl-75"/>
      </object_component>
      <object_component id="oc-915">
         <name>.text:getdevice</name>
         <load_address>0x10b74</load_address>
         <run_address>0x10b74</run_address>
         <size>0x5a</size>
         <input_file_ref idref="fl-79"/>
      </object_component>
      <object_component id="oc-6fd">
         <name>.text:__TI_auto_init_nobinit_nopinit_hold_wdt:__TI_auto_init_nobinit_nopinit_hold_wdt</name>
         <load_address>0x10bce</load_address>
         <run_address>0x10bce</run_address>
         <size>0x54</size>
         <input_file_ref idref="fl-51"/>
      </object_component>
      <object_component id="oc-8ae">
         <name>.text:HOSTclose</name>
         <load_address>0x10c22</load_address>
         <run_address>0x10c22</run_address>
         <size>0x4e</size>
         <input_file_ref idref="fl-66"/>
      </object_component>
      <object_component id="oc-6df">
         <name>.text:exit</name>
         <load_address>0x10c70</load_address>
         <run_address>0x10c70</run_address>
         <size>0x4a</size>
         <input_file_ref idref="fl-56"/>
      </object_component>
      <object_component id="oc-6d2">
         <name>.text:printf</name>
         <load_address>0x10cba</load_address>
         <run_address>0x10cba</run_address>
         <size>0x4a</size>
         <input_file_ref idref="fl-5a"/>
      </object_component>
      <object_component id="oc-78e">
         <name>.text:_pproc_str</name>
         <load_address>0x10d04</load_address>
         <run_address>0x10d04</run_address>
         <size>0x48</size>
         <input_file_ref idref="fl-5b"/>
      </object_component>
      <object_component id="oc-8c6">
         <name>.text:HOSTunlink</name>
         <load_address>0x10d4c</load_address>
         <run_address>0x10d4c</run_address>
         <size>0x46</size>
         <input_file_ref idref="fl-6b"/>
      </object_component>
      <object_component id="oc-895">
         <name>.text:minit</name>
         <load_address>0x10d92</load_address>
         <run_address>0x10d92</run_address>
         <size>0x42</size>
         <input_file_ref idref="fl-76"/>
      </object_component>
      <object_component id="oc-902">
         <name>.text:l_lsl_const</name>
         <load_address>0x10dd4</load_address>
         <run_address>0x10dd4</run_address>
         <size>0x3e</size>
         <input_file_ref idref="fl-6e"/>
      </object_component>
      <object_component id="oc-846">
         <name>.text:lseek</name>
         <load_address>0x10e12</load_address>
         <run_address>0x10e12</run_address>
         <size>0x3e</size>
         <input_file_ref idref="fl-64"/>
      </object_component>
      <object_component id="oc-7e2">
         <name>.text:write</name>
         <load_address>0x10e50</load_address>
         <run_address>0x10e50</run_address>
         <size>0x3c</size>
         <input_file_ref idref="fl-65"/>
      </object_component>
      <object_component id="oc-85a">
         <name>.text:__TI_cleanup</name>
         <load_address>0x10e8c</load_address>
         <run_address>0x10e8c</run_address>
         <size>0x36</size>
         <input_file_ref idref="fl-73"/>
      </object_component>
      <object_component id="oc-8ef">
         <name>.text:__TI_writemsg</name>
         <load_address>0x10ec2</load_address>
         <run_address>0x10ec2</run_address>
         <size>0x36</size>
         <input_file_ref idref="fl-6d"/>
      </object_component>
      <object_component id="oc-8f5">
         <name>.text:__TI_readmsg</name>
         <load_address>0x10ef8</load_address>
         <run_address>0x10ef8</run_address>
         <size>0x32</size>
         <input_file_ref idref="fl-6d"/>
      </object_component>
      <object_component id="oc-93e">
         <name>.text:strncpy</name>
         <load_address>0x10f2a</load_address>
         <run_address>0x10f2a</run_address>
         <size>0x32</size>
         <input_file_ref idref="fl-7f"/>
      </object_component>
      <object_component id="oc-8e2">
         <name>.text:unlink</name>
         <load_address>0x10f5c</load_address>
         <run_address>0x10f5c</run_address>
         <size>0x30</size>
         <input_file_ref idref="fl-80"/>
      </object_component>
      <object_component id="oc-944">
         <name>.text:finddevice</name>
         <load_address>0x10f8c</load_address>
         <run_address>0x10f8c</run_address>
         <size>0x2e</size>
         <input_file_ref idref="fl-79"/>
      </object_component>
      <object_component id="oc-6b4">
         <name>.text:__mpu_init</name>
         <load_address>0x10fba</load_address>
         <run_address>0x10fba</run_address>
         <size>0x2c</size>
         <input_file_ref idref="fl-4f"/>
      </object_component>
      <object_component id="oc-643">
         <name>.text:decompress:ZI:__TI_zero_init_nomemset:__TI_zero_init_nomemset</name>
         <load_address>0x10fe6</load_address>
         <run_address>0x10fe6</run_address>
         <size>0x24</size>
         <input_file_ref idref="fl-48"/>
      </object_component>
      <object_component id="oc-6a2">
         <name>.text:main</name>
         <load_address>0x1100a</load_address>
         <run_address>0x1100a</run_address>
         <size>0x1e</size>
         <input_file_ref idref="fl-2"/>
      </object_component>
      <object_component id="oc-7fb">
         <name>.text:memccpy</name>
         <load_address>0x11028</load_address>
         <run_address>0x11028</run_address>
         <size>0x1e</size>
         <input_file_ref idref="fl-6f"/>
      </object_component>
      <object_component id="oc-938">
         <name>.text:strchr</name>
         <load_address>0x11046</load_address>
         <run_address>0x11046</run_address>
         <size>0x1c</size>
         <input_file_ref idref="fl-7b"/>
      </object_component>
      <object_component id="oc-95d">
         <name>.text:strcmp</name>
         <load_address>0x11062</load_address>
         <run_address>0x11062</run_address>
         <size>0x1c</size>
         <input_file_ref idref="fl-7c"/>
      </object_component>
      <object_component id="oc-7bf">
         <name>.text</name>
         <load_address>0x1107e</load_address>
         <run_address>0x1107e</run_address>
         <size>0x18</size>
         <input_file_ref idref="fl-49"/>
      </object_component>
      <object_component id="oc-7d6">
         <name>.text:memchr</name>
         <load_address>0x11096</load_address>
         <run_address>0x11096</run_address>
         <size>0x16</size>
         <input_file_ref idref="fl-70"/>
      </object_component>
      <object_component id="oc-7ee">
         <name>.text:memset</name>
         <load_address>0x110ac</load_address>
         <run_address>0x110ac</run_address>
         <size>0x16</size>
         <input_file_ref idref="fl-71"/>
      </object_component>
      <object_component id="oc-83d">
         <name>.text</name>
         <load_address>0x110c2</load_address>
         <run_address>0x110c2</run_address>
         <size>0x16</size>
         <input_file_ref idref="fl-5c"/>
      </object_component>
      <object_component id="oc-631">
         <name>.text:memcpy</name>
         <load_address>0x110d8</load_address>
         <run_address>0x110d8</run_address>
         <size>0x14</size>
         <input_file_ref idref="fl-59"/>
      </object_component>
      <object_component id="oc-80">
         <name>.text:decompress:none:__TI_decompress_none</name>
         <load_address>0x110ec</load_address>
         <run_address>0x110ec</run_address>
         <size>0x12</size>
         <input_file_ref idref="fl-2a"/>
      </object_component>
      <object_component id="oc-90b">
         <name>.text:strcpy</name>
         <load_address>0x110fe</load_address>
         <run_address>0x110fe</run_address>
         <size>0x12</size>
         <input_file_ref idref="fl-7d"/>
      </object_component>
      <object_component id="oc-782">
         <name>.text:strlen</name>
         <load_address>0x11110</load_address>
         <run_address>0x11110</run_address>
         <size>0xe</size>
         <input_file_ref idref="fl-7e"/>
      </object_component>
      <object_component id="oc-729">
         <name>.text:_outc</name>
         <load_address>0x1111e</load_address>
         <run_address>0x1111e</run_address>
         <size>0x6</size>
         <input_file_ref idref="fl-5a"/>
      </object_component>
      <object_component id="oc-6d9">
         <name>.text:abort</name>
         <load_address>0x11124</load_address>
         <run_address>0x11124</run_address>
         <size>0x6</size>
         <input_file_ref idref="fl-56"/>
      </object_component>
      <object_component id="oc-723">
         <name>.text:_outs</name>
         <load_address>0x1112a</load_address>
         <run_address>0x1112a</run_address>
         <size>0x4</size>
         <input_file_ref idref="fl-5a"/>
      </object_component>
      <object_component id="oc-69c">
         <name>.text:_system_pre_init</name>
         <load_address>0x1112e</load_address>
         <run_address>0x1112e</run_address>
         <size>0x4</size>
         <input_file_ref idref="fl-53"/>
      </object_component>
      <object_component id="oc-767">
         <name>.text:_nop</name>
         <load_address>0x11132</load_address>
         <run_address>0x11132</run_address>
         <size>0x2</size>
         <input_file_ref idref="fl-58"/>
      </object_component>
      <object_component id="oc-746">
         <name>.text:_system_post_cinit</name>
         <load_address>0x11134</load_address>
         <run_address>0x11134</run_address>
         <size>0x2</size>
         <input_file_ref idref="fl-52"/>
      </object_component>
      <object_component id="oc-88e">
         <name>.bss</name>
         <uninitialized>true</uninitialized>
         <run_address>0x1e32</run_address>
         <size>0xa</size>
         <input_file_ref idref="fl-76"/>
      </object_component>
      <object_component id="oc-8e1">
         <name>.common:__TI_tmpnams</name>
         <uninitialized>true</uninitialized>
         <run_address>0x1d92</run_address>
         <size>0xa0</size>
      </object_component>
      <object_component id="oc-8ec">
         <name>.common:parmbuf</name>
         <uninitialized>true</uninitialized>
         <run_address>0x1e3c</run_address>
         <size>0x8</size>
      </object_component>
      <object_component id="oc-73b">
         <name>.data</name>
         <load_address>0x1d8e</load_address>
         <run_address>0x1d8e</run_address>
         <size>0x2</size>
         <input_file_ref idref="fl-56"/>
      </object_component>
      <object_component id="oc-741">
         <name>.data:__TI_cleanup_ptr</name>
         <load_address>0x1d7c</load_address>
         <run_address>0x1d7c</run_address>
         <size>0x4</size>
         <input_file_ref idref="fl-57"/>
      </object_component>
      <object_component id="oc-73e">
         <name>.data:__TI_dtors_ptr</name>
         <load_address>0x1d80</load_address>
         <run_address>0x1d80</run_address>
         <size>0x4</size>
         <input_file_ref idref="fl-57"/>
      </object_component>
      <object_component id="oc-71d">
         <name>.data:_lock</name>
         <load_address>0x1d84</load_address>
         <run_address>0x1d84</run_address>
         <size>0x4</size>
         <input_file_ref idref="fl-58"/>
      </object_component>
      <object_component id="oc-735">
         <name>.data:_unlock</name>
         <load_address>0x1d88</load_address>
         <run_address>0x1d88</run_address>
         <size>0x4</size>
         <input_file_ref idref="fl-58"/>
      </object_component>
      <object_component id="oc-720">
         <name>.data:_ftable</name>
         <load_address>0x1c00</load_address>
         <run_address>0x1c00</run_address>
         <size>0xc8</size>
         <input_file_ref idref="fl-5e"/>
      </object_component>
      <object_component id="oc-8a2">
         <name>.data</name>
         <load_address>0x1d8c</load_address>
         <run_address>0x1d8c</run_address>
         <size>0x2</size>
         <input_file_ref idref="fl-5e"/>
      </object_component>
      <object_component id="oc-86d">
         <name>.data:_device</name>
         <load_address>0x1cc8</load_address>
         <run_address>0x1cc8</run_address>
         <size>0x78</size>
         <input_file_ref idref="fl-65"/>
      </object_component>
      <object_component id="oc-830">
         <name>.data:_stream</name>
         <load_address>0x1d40</load_address>
         <run_address>0x1d40</run_address>
         <size>0x3c</size>
         <input_file_ref idref="fl-65"/>
      </object_component>
      <object_component id="oc-892">
         <name>.data</name>
         <load_address>0x1d90</load_address>
         <run_address>0x1d90</run_address>
         <size>0x2</size>
         <input_file_ref idref="fl-76"/>
      </object_component>
      <object_component id="oc-61f">
         <name>.stack</name>
         <uninitialized>true</uninitialized>
         <run_address>0x2360</run_address>
         <size>0x4</size>
         <input_file_ref idref="fl-4e"/>
      </object_component>
      <object_component id="oc-9e2">
         <name>.stack</name>
         <uninitialized>true</uninitialized>
         <run_address>0x2360</run_address>
         <size>0x0</size>
      </object_component>
      <object_component id="oc-86">
         <name>.int27</name>
         <load_address>0xffc6</load_address>
         <run_address>0xffc6</run_address>
         <size>0x2</size>
         <input_file_ref idref="fl-2b"/>
      </object_component>
      <object_component id="oc-87">
         <name>.int28</name>
         <load_address>0xffc8</load_address>
         <run_address>0xffc8</run_address>
         <size>0x2</size>
         <input_file_ref idref="fl-2d"/>
      </object_component>
      <object_component id="oc-88">
         <name>.int29</name>
         <load_address>0xffca</load_address>
         <run_address>0xffca</run_address>
         <size>0x2</size>
         <input_file_ref idref="fl-2e"/>
      </object_component>
      <object_component id="oc-89">
         <name>.int30</name>
         <load_address>0xffcc</load_address>
         <run_address>0xffcc</run_address>
         <size>0x2</size>
         <input_file_ref idref="fl-2f"/>
      </object_component>
      <object_component id="oc-8a">
         <name>.int31</name>
         <load_address>0xffce</load_address>
         <run_address>0xffce</run_address>
         <size>0x2</size>
         <input_file_ref idref="fl-30"/>
      </object_component>
      <object_component id="oc-8b">
         <name>.int32</name>
         <load_address>0xffd0</load_address>
         <run_address>0xffd0</run_address>
         <size>0x2</size>
         <input_file_ref idref="fl-31"/>
      </object_component>
      <object_component id="oc-8c">
         <name>.int33</name>
         <load_address>0xffd2</load_address>
         <run_address>0xffd2</run_address>
         <size>0x2</size>
         <input_file_ref idref="fl-32"/>
      </object_component>
      <object_component id="oc-8d">
         <name>.int34</name>
         <load_address>0xffd4</load_address>
         <run_address>0xffd4</run_address>
         <size>0x2</size>
         <input_file_ref idref="fl-33"/>
      </object_component>
      <object_component id="oc-8e">
         <name>.int35</name>
         <load_address>0xffd6</load_address>
         <run_address>0xffd6</run_address>
         <size>0x2</size>
         <input_file_ref idref="fl-34"/>
      </object_component>
      <object_component id="oc-8f">
         <name>.int36</name>
         <load_address>0xffd8</load_address>
         <run_address>0xffd8</run_address>
         <size>0x2</size>
         <input_file_ref idref="fl-35"/>
      </object_component>
      <object_component id="oc-90">
         <name>.int37</name>
         <load_address>0xffda</load_address>
         <run_address>0xffda</run_address>
         <size>0x2</size>
         <input_file_ref idref="fl-36"/>
      </object_component>
      <object_component id="oc-91">
         <name>.int38</name>
         <load_address>0xffdc</load_address>
         <run_address>0xffdc</run_address>
         <size>0x2</size>
         <input_file_ref idref="fl-37"/>
      </object_component>
      <object_component id="oc-92">
         <name>.int39</name>
         <load_address>0xffde</load_address>
         <run_address>0xffde</run_address>
         <size>0x2</size>
         <input_file_ref idref="fl-38"/>
      </object_component>
      <object_component id="oc-93">
         <name>.int40</name>
         <load_address>0xffe0</load_address>
         <run_address>0xffe0</run_address>
         <size>0x2</size>
         <input_file_ref idref="fl-39"/>
      </object_component>
      <object_component id="oc-94">
         <name>.int41</name>
         <load_address>0xffe2</load_address>
         <run_address>0xffe2</run_address>
         <size>0x2</size>
         <input_file_ref idref="fl-3a"/>
      </object_component>
      <object_component id="oc-95">
         <name>.int42</name>
         <load_address>0xffe4</load_address>
         <run_address>0xffe4</run_address>
         <size>0x2</size>
         <input_file_ref idref="fl-3b"/>
      </object_component>
      <object_component id="oc-96">
         <name>.int43</name>
         <load_address>0xffe6</load_address>
         <run_address>0xffe6</run_address>
         <size>0x2</size>
         <input_file_ref idref="fl-3c"/>
      </object_component>
      <object_component id="oc-97">
         <name>.int44</name>
         <load_address>0xffe8</load_address>
         <run_address>0xffe8</run_address>
         <size>0x2</size>
         <input_file_ref idref="fl-3d"/>
      </object_component>
      <object_component id="oc-98">
         <name>.int45</name>
         <load_address>0xffea</load_address>
         <run_address>0xffea</run_address>
         <size>0x2</size>
         <input_file_ref idref="fl-3e"/>
      </object_component>
      <object_component id="oc-99">
         <name>.int46</name>
         <load_address>0xffec</load_address>
         <run_address>0xffec</run_address>
         <size>0x2</size>
         <input_file_ref idref="fl-3f"/>
      </object_component>
      <object_component id="oc-9a">
         <name>.int47</name>
         <load_address>0xffee</load_address>
         <run_address>0xffee</run_address>
         <size>0x2</size>
         <input_file_ref idref="fl-40"/>
      </object_component>
      <object_component id="oc-9b">
         <name>.int48</name>
         <load_address>0xfff0</load_address>
         <run_address>0xfff0</run_address>
         <size>0x2</size>
         <input_file_ref idref="fl-41"/>
      </object_component>
      <object_component id="oc-9c">
         <name>.int49</name>
         <load_address>0xfff2</load_address>
         <run_address>0xfff2</run_address>
         <size>0x2</size>
         <input_file_ref idref="fl-42"/>
      </object_component>
      <object_component id="oc-9d">
         <name>.int50</name>
         <load_address>0xfff4</load_address>
         <run_address>0xfff4</run_address>
         <size>0x2</size>
         <input_file_ref idref="fl-43"/>
      </object_component>
      <object_component id="oc-9e">
         <name>.int51</name>
         <load_address>0xfff6</load_address>
         <run_address>0xfff6</run_address>
         <size>0x2</size>
         <input_file_ref idref="fl-44"/>
      </object_component>
      <object_component id="oc-9f">
         <name>.int52</name>
         <load_address>0xfff8</load_address>
         <run_address>0xfff8</run_address>
         <size>0x2</size>
         <input_file_ref idref="fl-45"/>
      </object_component>
      <object_component id="oc-a0">
         <name>.int53</name>
         <load_address>0xfffa</load_address>
         <run_address>0xfffa</run_address>
         <size>0x2</size>
         <input_file_ref idref="fl-46"/>
      </object_component>
      <object_component id="oc-a1">
         <name>.int54</name>
         <load_address>0xfffc</load_address>
         <run_address>0xfffc</run_address>
         <size>0x2</size>
         <input_file_ref idref="fl-47"/>
      </object_component>
      <object_component id="oc-622">
         <name>.reset</name>
         <load_address>0xfffe</load_address>
         <run_address>0xfffe</run_address>
         <size>0x2</size>
         <input_file_ref idref="fl-4e"/>
      </object_component>
      <object_component id="oc-845">
         <name>.debug_info</name>
         <load_address>0x0</load_address>
         <run_address>0x0</run_address>
         <size>0x19c</size>
         <input_file_ref idref="fl-2"/>
      </object_component>
      <object_component id="oc-6a3">
         <name>.debug_info</name>
         <load_address>0x19c</load_address>
         <run_address>0x19c</run_address>
         <size>0x100</size>
         <input_file_ref idref="fl-2"/>
      </object_component>
      <object_component id="oc-885">
         <name>.debug_info</name>
         <load_address>0x29c</load_address>
         <run_address>0x29c</run_address>
         <size>0x26b</size>
         <input_file_ref idref="fl-2"/>
      </object_component>
      <object_component id="oc-62c">
         <name>.debug_info</name>
         <load_address>0x507</load_address>
         <run_address>0x507</run_address>
         <size>0x84</size>
         <input_file_ref idref="fl-2"/>
      </object_component>
      <object_component id="oc-80f">
         <name>.debug_info</name>
         <load_address>0x58b</load_address>
         <run_address>0x58b</run_address>
         <size>0x275</size>
         <input_file_ref idref="fl-2"/>
      </object_component>
      <object_component id="oc-796">
         <name>.debug_info</name>
         <load_address>0x800</load_address>
         <run_address>0x800</run_address>
         <size>0x2c</size>
         <input_file_ref idref="fl-2"/>
      </object_component>
      <object_component id="oc-689">
         <name>.debug_info</name>
         <load_address>0x82c</load_address>
         <run_address>0x82c</run_address>
         <size>0x170</size>
         <input_file_ref idref="fl-29"/>
      </object_component>
      <object_component id="oc-7b">
         <name>.debug_info</name>
         <load_address>0x99c</load_address>
         <run_address>0x99c</run_address>
         <size>0x245</size>
         <input_file_ref idref="fl-29"/>
      </object_component>
      <object_component id="oc-627">
         <name>.debug_info</name>
         <load_address>0xbe1</load_address>
         <run_address>0xbe1</run_address>
         <size>0x60</size>
         <input_file_ref idref="fl-29"/>
      </object_component>
      <object_component id="oc-6c5">
         <name>.debug_info</name>
         <load_address>0xc41</load_address>
         <run_address>0xc41</run_address>
         <size>0x46</size>
         <input_file_ref idref="fl-29"/>
      </object_component>
      <object_component id="oc-684">
         <name>.debug_info</name>
         <load_address>0xc87</load_address>
         <run_address>0xc87</run_address>
         <size>0x39</size>
         <input_file_ref idref="fl-29"/>
      </object_component>
      <object_component id="oc-63d">
         <name>.debug_info</name>
         <load_address>0xcc0</load_address>
         <run_address>0xcc0</run_address>
         <size>0x184</size>
         <input_file_ref idref="fl-2a"/>
      </object_component>
      <object_component id="oc-81">
         <name>.debug_info</name>
         <load_address>0xe44</load_address>
         <run_address>0xe44</run_address>
         <size>0x1c8</size>
         <input_file_ref idref="fl-2a"/>
      </object_component>
      <object_component id="oc-638">
         <name>.debug_info</name>
         <load_address>0x100c</load_address>
         <run_address>0x100c</run_address>
         <size>0x46</size>
         <input_file_ref idref="fl-2a"/>
      </object_component>
      <object_component id="oc-63f">
         <name>.debug_info</name>
         <load_address>0x1052</load_address>
         <run_address>0x1052</run_address>
         <size>0x107</size>
         <input_file_ref idref="fl-2c"/>
      </object_component>
      <object_component id="oc-69a">
         <name>.debug_info</name>
         <load_address>0x1159</load_address>
         <run_address>0x1159</run_address>
         <size>0x1be</size>
         <input_file_ref idref="fl-48"/>
      </object_component>
      <object_component id="oc-646">
         <name>.debug_info</name>
         <load_address>0x1317</load_address>
         <run_address>0x1317</run_address>
         <size>0x1cc</size>
         <input_file_ref idref="fl-48"/>
      </object_component>
      <object_component id="oc-695">
         <name>.debug_info</name>
         <load_address>0x14e3</load_address>
         <run_address>0x14e3</run_address>
         <size>0x46</size>
         <input_file_ref idref="fl-48"/>
      </object_component>
      <object_component id="oc-7c1">
         <name>.debug_info</name>
         <load_address>0x1529</load_address>
         <run_address>0x1529</run_address>
         <size>0x128</size>
         <input_file_ref idref="fl-49"/>
      </object_component>
      <object_component id="oc-620">
         <name>.debug_info</name>
         <load_address>0x1651</load_address>
         <run_address>0x1651</run_address>
         <size>0xf5</size>
         <input_file_ref idref="fl-4e"/>
      </object_component>
      <object_component id="oc-66e">
         <name>.debug_info</name>
         <load_address>0x1746</load_address>
         <run_address>0x1746</run_address>
         <size>0x188</size>
         <input_file_ref idref="fl-4e"/>
      </object_component>
      <object_component id="oc-6b6">
         <name>.debug_info</name>
         <load_address>0x18ce</load_address>
         <run_address>0x18ce</run_address>
         <size>0xf2</size>
         <input_file_ref idref="fl-4f"/>
      </object_component>
      <object_component id="oc-74d">
         <name>.debug_info</name>
         <load_address>0x19c0</load_address>
         <run_address>0x19c0</run_address>
         <size>0x490</size>
         <input_file_ref idref="fl-51"/>
      </object_component>
      <object_component id="oc-6ff">
         <name>.debug_info</name>
         <load_address>0x1e50</load_address>
         <run_address>0x1e50</run_address>
         <size>0x225</size>
         <input_file_ref idref="fl-51"/>
      </object_component>
      <object_component id="oc-7b5">
         <name>.debug_info</name>
         <load_address>0x2075</load_address>
         <run_address>0x2075</run_address>
         <size>0x39</size>
         <input_file_ref idref="fl-51"/>
      </object_component>
      <object_component id="oc-7c6">
         <name>.debug_info</name>
         <load_address>0x20ae</load_address>
         <run_address>0x20ae</run_address>
         <size>0x2c</size>
         <input_file_ref idref="fl-51"/>
      </object_component>
      <object_component id="oc-758">
         <name>.debug_info</name>
         <load_address>0x20da</load_address>
         <run_address>0x20da</run_address>
         <size>0x2c</size>
         <input_file_ref idref="fl-51"/>
      </object_component>
      <object_component id="oc-7ba">
         <name>.debug_info</name>
         <load_address>0x2106</load_address>
         <run_address>0x2106</run_address>
         <size>0xcd</size>
         <input_file_ref idref="fl-51"/>
      </object_component>
      <object_component id="oc-747">
         <name>.debug_info</name>
         <load_address>0x21d3</load_address>
         <run_address>0x21d3</run_address>
         <size>0x145</size>
         <input_file_ref idref="fl-52"/>
      </object_component>
      <object_component id="oc-69d">
         <name>.debug_info</name>
         <load_address>0x2318</load_address>
         <run_address>0x2318</run_address>
         <size>0x148</size>
         <input_file_ref idref="fl-53"/>
      </object_component>
      <object_component id="oc-68c">
         <name>.debug_info</name>
         <load_address>0x2460</load_address>
         <run_address>0x2460</run_address>
         <size>0x2c</size>
         <input_file_ref idref="fl-54"/>
      </object_component>
      <object_component id="oc-745">
         <name>.debug_info</name>
         <load_address>0x248c</load_address>
         <run_address>0x248c</run_address>
         <size>0x228</size>
         <input_file_ref idref="fl-56"/>
      </object_component>
      <object_component id="oc-73c">
         <name>.debug_info</name>
         <load_address>0x26b4</load_address>
         <run_address>0x26b4</run_address>
         <size>0x127</size>
         <input_file_ref idref="fl-56"/>
      </object_component>
      <object_component id="oc-6da">
         <name>.debug_info</name>
         <load_address>0x27db</load_address>
         <run_address>0x27db</run_address>
         <size>0x117</size>
         <input_file_ref idref="fl-56"/>
      </object_component>
      <object_component id="oc-6e1">
         <name>.debug_info</name>
         <load_address>0x28f2</load_address>
         <run_address>0x28f2</run_address>
         <size>0x18c</size>
         <input_file_ref idref="fl-56"/>
      </object_component>
      <object_component id="oc-7ad">
         <name>.debug_info</name>
         <load_address>0x2a7e</load_address>
         <run_address>0x2a7e</run_address>
         <size>0xf8</size>
         <input_file_ref idref="fl-57"/>
      </object_component>
      <object_component id="oc-742">
         <name>.debug_info</name>
         <load_address>0x2b76</load_address>
         <run_address>0x2b76</run_address>
         <size>0x10f</size>
         <input_file_ref idref="fl-57"/>
      </object_component>
      <object_component id="oc-73f">
         <name>.debug_info</name>
         <load_address>0x2c85</load_address>
         <run_address>0x2c85</run_address>
         <size>0x10b</size>
         <input_file_ref idref="fl-57"/>
      </object_component>
      <object_component id="oc-76f">
         <name>.debug_info</name>
         <load_address>0x2d90</load_address>
         <run_address>0x2d90</run_address>
         <size>0x15d</size>
         <input_file_ref idref="fl-58"/>
      </object_component>
      <object_component id="oc-71e">
         <name>.debug_info</name>
         <load_address>0x2eed</load_address>
         <run_address>0x2eed</run_address>
         <size>0xf4</size>
         <input_file_ref idref="fl-58"/>
      </object_component>
      <object_component id="oc-736">
         <name>.debug_info</name>
         <load_address>0x2fe1</load_address>
         <run_address>0x2fe1</run_address>
         <size>0xf8</size>
         <input_file_ref idref="fl-58"/>
      </object_component>
      <object_component id="oc-768">
         <name>.debug_info</name>
         <load_address>0x30d9</load_address>
         <run_address>0x30d9</run_address>
         <size>0x123</size>
         <input_file_ref idref="fl-58"/>
      </object_component>
      <object_component id="oc-68b">
         <name>.debug_info</name>
         <load_address>0x31fc</load_address>
         <run_address>0x31fc</run_address>
         <size>0x18f</size>
         <input_file_ref idref="fl-59"/>
      </object_component>
      <object_component id="oc-635">
         <name>.debug_info</name>
         <load_address>0x338b</load_address>
         <run_address>0x338b</run_address>
         <size>0x16f</size>
         <input_file_ref idref="fl-59"/>
      </object_component>
      <object_component id="oc-739">
         <name>.debug_info</name>
         <load_address>0x34fa</load_address>
         <run_address>0x34fa</run_address>
         <size>0x2cb</size>
         <input_file_ref idref="fl-5a"/>
      </object_component>
      <object_component id="oc-72d">
         <name>.debug_info</name>
         <load_address>0x37c5</load_address>
         <run_address>0x37c5</run_address>
         <size>0x157</size>
         <input_file_ref idref="fl-5a"/>
      </object_component>
      <object_component id="oc-727">
         <name>.debug_info</name>
         <load_address>0x391c</load_address>
         <run_address>0x391c</run_address>
         <size>0x15b</size>
         <input_file_ref idref="fl-5a"/>
      </object_component>
      <object_component id="oc-6d6">
         <name>.debug_info</name>
         <load_address>0x3a77</load_address>
         <run_address>0x3a77</run_address>
         <size>0x179</size>
         <input_file_ref idref="fl-5a"/>
      </object_component>
      <object_component id="oc-7a4">
         <name>.debug_info</name>
         <load_address>0x3bf0</load_address>
         <run_address>0x3bf0</run_address>
         <size>0xb2</size>
         <input_file_ref idref="fl-5a"/>
      </object_component>
      <object_component id="oc-795">
         <name>.debug_info</name>
         <load_address>0x3ca2</load_address>
         <run_address>0x3ca2</run_address>
         <size>0x3b1</size>
         <input_file_ref idref="fl-5b"/>
      </object_component>
      <object_component id="oc-7f6">
         <name>.debug_info</name>
         <load_address>0x4053</load_address>
         <run_address>0x4053</run_address>
         <size>0x290</size>
         <input_file_ref idref="fl-5b"/>
      </object_component>
      <object_component id="oc-789">
         <name>.debug_info</name>
         <load_address>0x42e3</load_address>
         <run_address>0x42e3</run_address>
         <size>0x284</size>
         <input_file_ref idref="fl-5b"/>
      </object_component>
      <object_component id="oc-78f">
         <name>.debug_info</name>
         <load_address>0x4567</load_address>
         <run_address>0x4567</run_address>
         <size>0x221</size>
         <input_file_ref idref="fl-5b"/>
      </object_component>
      <object_component id="oc-730">
         <name>.debug_info</name>
         <load_address>0x4788</load_address>
         <run_address>0x4788</run_address>
         <size>0x2c9</size>
         <input_file_ref idref="fl-5b"/>
      </object_component>
      <object_component id="oc-79b">
         <name>.debug_info</name>
         <load_address>0x4a51</load_address>
         <run_address>0x4a51</run_address>
         <size>0x86</size>
         <input_file_ref idref="fl-5b"/>
      </object_component>
      <object_component id="oc-80a">
         <name>.debug_info</name>
         <load_address>0x4ad7</load_address>
         <run_address>0x4ad7</run_address>
         <size>0x39</size>
         <input_file_ref idref="fl-5b"/>
      </object_component>
      <object_component id="oc-805">
         <name>.debug_info</name>
         <load_address>0x4b10</load_address>
         <run_address>0x4b10</run_address>
         <size>0x2c</size>
         <input_file_ref idref="fl-5b"/>
      </object_component>
      <object_component id="oc-83f">
         <name>.debug_info</name>
         <load_address>0x4b3c</load_address>
         <run_address>0x4b3c</run_address>
         <size>0x119</size>
         <input_file_ref idref="fl-5c"/>
      </object_component>
      <object_component id="oc-772">
         <name>.debug_info</name>
         <load_address>0x4c55</load_address>
         <run_address>0x4c55</run_address>
         <size>0x133</size>
         <input_file_ref idref="fl-5e"/>
      </object_component>
      <object_component id="oc-721">
         <name>.debug_info</name>
         <load_address>0x4d88</load_address>
         <run_address>0x4d88</run_address>
         <size>0xf7</size>
         <input_file_ref idref="fl-5e"/>
      </object_component>
      <object_component id="oc-8a3">
         <name>.debug_info</name>
         <load_address>0x4e7f</load_address>
         <run_address>0x4e7f</run_address>
         <size>0xff</size>
         <input_file_ref idref="fl-5e"/>
      </object_component>
      <object_component id="oc-7eb">
         <name>.debug_info</name>
         <load_address>0x4f7e</load_address>
         <run_address>0x4f7e</run_address>
         <size>0x25f</size>
         <input_file_ref idref="fl-5f"/>
      </object_component>
      <object_component id="oc-77c">
         <name>.debug_info</name>
         <load_address>0x51dd</load_address>
         <run_address>0x51dd</run_address>
         <size>0x1c5</size>
         <input_file_ref idref="fl-5f"/>
      </object_component>
      <object_component id="oc-82f">
         <name>.debug_info</name>
         <load_address>0x53a2</load_address>
         <run_address>0x53a2</run_address>
         <size>0x21e</size>
         <input_file_ref idref="fl-60"/>
      </object_component>
      <object_component id="oc-7dd">
         <name>.debug_info</name>
         <load_address>0x55c0</load_address>
         <run_address>0x55c0</run_address>
         <size>0x179</size>
         <input_file_ref idref="fl-60"/>
      </object_component>
      <object_component id="oc-82b">
         <name>.debug_info</name>
         <load_address>0x5739</load_address>
         <run_address>0x5739</run_address>
         <size>0x1dc</size>
         <input_file_ref idref="fl-61"/>
      </object_component>
      <object_component id="oc-7d2">
         <name>.debug_info</name>
         <load_address>0x5915</load_address>
         <run_address>0x5915</run_address>
         <size>0x18b</size>
         <input_file_ref idref="fl-61"/>
      </object_component>
      <object_component id="oc-862">
         <name>.debug_info</name>
         <load_address>0x5aa0</load_address>
         <run_address>0x5aa0</run_address>
         <size>0xbf</size>
         <input_file_ref idref="fl-61"/>
      </object_component>
      <object_component id="oc-7e9">
         <name>.debug_info</name>
         <load_address>0x5b5f</load_address>
         <run_address>0x5b5f</run_address>
         <size>0x2e7</size>
         <input_file_ref idref="fl-62"/>
      </object_component>
      <object_component id="oc-777">
         <name>.debug_info</name>
         <load_address>0x5e46</load_address>
         <run_address>0x5e46</run_address>
         <size>0x2bc</size>
         <input_file_ref idref="fl-62"/>
      </object_component>
      <object_component id="oc-84d">
         <name>.debug_info</name>
         <load_address>0x6102</load_address>
         <run_address>0x6102</run_address>
         <size>0x1fb</size>
         <input_file_ref idref="fl-63"/>
      </object_component>
      <object_component id="oc-820">
         <name>.debug_info</name>
         <load_address>0x62fd</load_address>
         <run_address>0x62fd</run_address>
         <size>0x1de</size>
         <input_file_ref idref="fl-63"/>
      </object_component>
      <object_component id="oc-879">
         <name>.debug_info</name>
         <load_address>0x64db</load_address>
         <run_address>0x64db</run_address>
         <size>0x2c</size>
         <input_file_ref idref="fl-63"/>
      </object_component>
      <object_component id="oc-88b">
         <name>.debug_info</name>
         <load_address>0x6507</load_address>
         <run_address>0x6507</run_address>
         <size>0x278</size>
         <input_file_ref idref="fl-64"/>
      </object_component>
      <object_component id="oc-848">
         <name>.debug_info</name>
         <load_address>0x677f</load_address>
         <run_address>0x677f</run_address>
         <size>0x1b7</size>
         <input_file_ref idref="fl-64"/>
      </object_component>
      <object_component id="oc-874">
         <name>.debug_info</name>
         <load_address>0x6936</load_address>
         <run_address>0x6936</run_address>
         <size>0x120</size>
         <input_file_ref idref="fl-64"/>
      </object_component>
      <object_component id="oc-834">
         <name>.debug_info</name>
         <load_address>0x6a56</load_address>
         <run_address>0x6a56</run_address>
         <size>0x3bb</size>
         <input_file_ref idref="fl-65"/>
      </object_component>
      <object_component id="oc-86e">
         <name>.debug_info</name>
         <load_address>0x6e11</load_address>
         <run_address>0x6e11</run_address>
         <size>0xf8</size>
         <input_file_ref idref="fl-65"/>
      </object_component>
      <object_component id="oc-831">
         <name>.debug_info</name>
         <load_address>0x6f09</load_address>
         <run_address>0x6f09</run_address>
         <size>0xf8</size>
         <input_file_ref idref="fl-65"/>
      </object_component>
      <object_component id="oc-7e3">
         <name>.debug_info</name>
         <load_address>0x7001</load_address>
         <run_address>0x7001</run_address>
         <size>0x1b6</size>
         <input_file_ref idref="fl-65"/>
      </object_component>
      <object_component id="oc-8fd">
         <name>.debug_info</name>
         <load_address>0x71b7</load_address>
         <run_address>0x71b7</run_address>
         <size>0x24f</size>
         <input_file_ref idref="fl-66"/>
      </object_component>
      <object_component id="oc-8af">
         <name>.debug_info</name>
         <load_address>0x7406</load_address>
         <run_address>0x7406</run_address>
         <size>0x1b1</size>
         <input_file_ref idref="fl-66"/>
      </object_component>
      <object_component id="oc-908">
         <name>.debug_info</name>
         <load_address>0x75b7</load_address>
         <run_address>0x75b7</run_address>
         <size>0x259</size>
         <input_file_ref idref="fl-67"/>
      </object_component>
      <object_component id="oc-8c1">
         <name>.debug_info</name>
         <load_address>0x7810</load_address>
         <run_address>0x7810</run_address>
         <size>0x22a</size>
         <input_file_ref idref="fl-67"/>
      </object_component>
      <object_component id="oc-8ed">
         <name>.debug_info</name>
         <load_address>0x7a3a</load_address>
         <run_address>0x7a3a</run_address>
         <size>0x289</size>
         <input_file_ref idref="fl-68"/>
      </object_component>
      <object_component id="oc-8a9">
         <name>.debug_info</name>
         <load_address>0x7cc3</load_address>
         <run_address>0x7cc3</run_address>
         <size>0x201</size>
         <input_file_ref idref="fl-68"/>
      </object_component>
      <object_component id="oc-8ff">
         <name>.debug_info</name>
         <load_address>0x7ec4</load_address>
         <run_address>0x7ec4</run_address>
         <size>0x258</size>
         <input_file_ref idref="fl-69"/>
      </object_component>
      <object_component id="oc-8b5">
         <name>.debug_info</name>
         <load_address>0x811c</load_address>
         <run_address>0x811c</run_address>
         <size>0x1f0</size>
         <input_file_ref idref="fl-69"/>
      </object_component>
      <object_component id="oc-912">
         <name>.debug_info</name>
         <load_address>0x830c</load_address>
         <run_address>0x830c</run_address>
         <size>0x2bb</size>
         <input_file_ref idref="fl-6a"/>
      </object_component>
      <object_component id="oc-8cd">
         <name>.debug_info</name>
         <load_address>0x85c7</load_address>
         <run_address>0x85c7</run_address>
         <size>0x22b</size>
         <input_file_ref idref="fl-6a"/>
      </object_component>
      <object_component id="oc-90a">
         <name>.debug_info</name>
         <load_address>0x87f2</load_address>
         <run_address>0x87f2</run_address>
         <size>0x272</size>
         <input_file_ref idref="fl-6b"/>
      </object_component>
      <object_component id="oc-8c7">
         <name>.debug_info</name>
         <load_address>0x8a64</load_address>
         <run_address>0x8a64</run_address>
         <size>0x1bb</size>
         <input_file_ref idref="fl-6b"/>
      </object_component>
      <object_component id="oc-901">
         <name>.debug_info</name>
         <load_address>0x8c1f</load_address>
         <run_address>0x8c1f</run_address>
         <size>0x259</size>
         <input_file_ref idref="fl-6c"/>
      </object_component>
      <object_component id="oc-8bb">
         <name>.debug_info</name>
         <load_address>0x8e78</load_address>
         <run_address>0x8e78</run_address>
         <size>0x1f5</size>
         <input_file_ref idref="fl-6c"/>
      </object_component>
      <object_component id="oc-925">
         <name>.debug_info</name>
         <load_address>0x906d</load_address>
         <run_address>0x906d</run_address>
         <size>0x19c</size>
         <input_file_ref idref="fl-6d"/>
      </object_component>
      <object_component id="oc-922">
         <name>.debug_info</name>
         <load_address>0x9209</load_address>
         <run_address>0x9209</run_address>
         <size>0xfb</size>
         <input_file_ref idref="fl-6d"/>
      </object_component>
      <object_component id="oc-8f0">
         <name>.debug_info</name>
         <load_address>0x9304</load_address>
         <run_address>0x9304</run_address>
         <size>0x1d4</size>
         <input_file_ref idref="fl-6d"/>
      </object_component>
      <object_component id="oc-8f6">
         <name>.debug_info</name>
         <load_address>0x94d8</load_address>
         <run_address>0x94d8</run_address>
         <size>0x18f</size>
         <input_file_ref idref="fl-6d"/>
      </object_component>
      <object_component id="oc-905">
         <name>.debug_info</name>
         <load_address>0x9667</load_address>
         <run_address>0x9667</run_address>
         <size>0x11e</size>
         <input_file_ref idref="fl-6e"/>
      </object_component>
      <object_component id="oc-844">
         <name>.debug_info</name>
         <load_address>0x9785</load_address>
         <run_address>0x9785</run_address>
         <size>0x16d</size>
         <input_file_ref idref="fl-6f"/>
      </object_component>
      <object_component id="oc-7fc">
         <name>.debug_info</name>
         <load_address>0x98f2</load_address>
         <run_address>0x98f2</run_address>
         <size>0x1ab</size>
         <input_file_ref idref="fl-6f"/>
      </object_component>
      <object_component id="oc-82d">
         <name>.debug_info</name>
         <load_address>0x9a9d</load_address>
         <run_address>0x9a9d</run_address>
         <size>0x17c</size>
         <input_file_ref idref="fl-70"/>
      </object_component>
      <object_component id="oc-7d8">
         <name>.debug_info</name>
         <load_address>0x9c19</load_address>
         <run_address>0x9c19</run_address>
         <size>0x235</size>
         <input_file_ref idref="fl-70"/>
      </object_component>
      <object_component id="oc-83c">
         <name>.debug_info</name>
         <load_address>0x9e4e</load_address>
         <run_address>0x9e4e</run_address>
         <size>0x16c</size>
         <input_file_ref idref="fl-71"/>
      </object_component>
      <object_component id="oc-7f1">
         <name>.debug_info</name>
         <load_address>0x9fba</load_address>
         <run_address>0x9fba</run_address>
         <size>0x25a</size>
         <input_file_ref idref="fl-71"/>
      </object_component>
      <object_component id="oc-861">
         <name>.debug_info</name>
         <load_address>0xa214</load_address>
         <run_address>0xa214</run_address>
         <size>0x250</size>
         <input_file_ref idref="fl-72"/>
      </object_component>
      <object_component id="oc-825">
         <name>.debug_info</name>
         <load_address>0xa464</load_address>
         <run_address>0xa464</run_address>
         <size>0x1f3</size>
         <input_file_ref idref="fl-72"/>
      </object_component>
      <object_component id="oc-85d">
         <name>.debug_info</name>
         <load_address>0xa657</load_address>
         <run_address>0xa657</run_address>
         <size>0x16b</size>
         <input_file_ref idref="fl-73"/>
      </object_component>
      <object_component id="oc-8e9">
         <name>.debug_info</name>
         <load_address>0xa7c2</load_address>
         <run_address>0xa7c2</run_address>
         <size>0x27c</size>
         <input_file_ref idref="fl-74"/>
      </object_component>
      <object_component id="oc-89d">
         <name>.debug_info</name>
         <load_address>0xaa3e</load_address>
         <run_address>0xaa3e</run_address>
         <size>0x1e2</size>
         <input_file_ref idref="fl-74"/>
      </object_component>
      <object_component id="oc-914">
         <name>.debug_info</name>
         <load_address>0xac20</load_address>
         <run_address>0xac20</run_address>
         <size>0x2a6</size>
         <input_file_ref idref="fl-75"/>
      </object_component>
      <object_component id="oc-8dc">
         <name>.debug_info</name>
         <load_address>0xaec6</load_address>
         <run_address>0xaec6</run_address>
         <size>0x191</size>
         <input_file_ref idref="fl-75"/>
      </object_component>
      <object_component id="oc-683">
         <name>.debug_info</name>
         <load_address>0xb057</load_address>
         <run_address>0xb057</run_address>
         <size>0x21a</size>
         <input_file_ref idref="fl-76"/>
      </object_component>
      <object_component id="oc-624">
         <name>.debug_info</name>
         <load_address>0xb271</load_address>
         <run_address>0xb271</run_address>
         <size>0x101</size>
         <input_file_ref idref="fl-76"/>
      </object_component>
      <object_component id="oc-88f">
         <name>.debug_info</name>
         <load_address>0xb372</load_address>
         <run_address>0xb372</run_address>
         <size>0x138</size>
         <input_file_ref idref="fl-76"/>
      </object_component>
      <object_component id="oc-893">
         <name>.debug_info</name>
         <load_address>0xb4aa</load_address>
         <run_address>0xb4aa</run_address>
         <size>0xfe</size>
         <input_file_ref idref="fl-76"/>
      </object_component>
      <object_component id="oc-852">
         <name>.debug_info</name>
         <load_address>0xb5a8</load_address>
         <run_address>0xb5a8</run_address>
         <size>0x1a0</size>
         <input_file_ref idref="fl-76"/>
      </object_component>
      <object_component id="oc-899">
         <name>.debug_info</name>
         <load_address>0xb748</load_address>
[...]
      </symbol>
      <symbol id="sm-574">
         <name>UCB1IV</name>
         <value>0x6ae</value>
      </symbol>
      <symbol id="sm-575">
         <name>WDTCTL</name>
         <value>0x15c</value>
      </symbol>
      <symbol id="sm-576">
         <name>WDTCTL_L</name>
         <value>0x15c</value>
      </symbol>
      <symbol id="sm-577">
         <name>WDTCTL_H</name>
         <value>0x15d</value>
      </symbol>
      <symbol id="sm-578">
         <name>fram_rw_start</name>
         <value>0x4400</value>
      </symbol>
      <symbol id="sm-579">
         <name>fram_ipe_start</name>
         <value>0x4800</value>
      </symbol>
      <symbol id="sm-57a">
         <name>fram_ipe_end</name>
         <value>0x4800</value>
      </symbol>
      <symbol id="sm-57b">
         <name>fram_rx_start</name>
         <value>0x4800</value>
      </symbol>
      <symbol id="sm-57c">
         <name>__TI_CINIT_Base</name>
         <value>0x48b2</value>
      </symbol>
      <symbol id="sm-57d">
         <name>__TI_CINIT_Limit</name>
         <value>0x48c2</value>
      </symbol>
      <symbol id="sm-57e">
         <name>__TI_Handler_Table_Base</name>
         <value>0x48a0</value>
      </symbol>
      <symbol id="sm-57f">
         <name>__TI_Handler_Table_Limit</name>
         <value>0x48ac</value>
      </symbol>
      <symbol id="sm-580">
         <name>__STACK_SIZE</name>
         <value>0xa0</value>
      </symbol>
      <symbol id="sm-581">
         <name>__STACK_END</name>
         <value>0x2400</value>
      </symbol>
      <symbol id="sm-582">
         <name>__SYSMEM_SIZE</name>
         <value>0x12c</value>
      </symbol>
      <symbol id="sm-583">
         <name>__c_args__</name>
         <value>0xffffffff</value>
      </symbol>
      <symbol id="sm-584">
         <name>__TI_pprof_out_hndl</name>
         <value>0xffffffff</value>
      </symbol>
      <symbol id="sm-585">
         <name>__TI_prof_data_start</name>
         <value>0xffffffff</value>
      </symbol>
      <symbol id="sm-586">
         <name>__TI_prof_data_size</name>
         <value>0xffffffff</value>
      </symbol>
      <symbol id="sm-607">
         <name>main</name>
         <value>0x1100a</value>
         <object_component_ref idref="oc-6a2"/>
      </symbol>
      <symbol id="sm-62a">
         <name>__TI_decompress_lzss</name>
         <value>0x107a8</value>
         <object_component_ref idref="oc-7a"/>
      </symbol>
      <symbol id="sm-63b">
         <name>__TI_decompress_none</name>
         <value>0x110ec</value>
         <object_component_ref idref="oc-80"/>
      </symbol>
      <symbol id="sm-63e">
         <name>__TI_int27</name>
         <value>0xffc6</value>
         <object_component_ref idref="oc-86"/>
      </symbol>
      <symbol id="sm-646">
         <name>__TI_ISR_TRAP</name>
         <value>0x4820</value>
         <object_component_ref idref="oc-63e"/>
      </symbol>
      <symbol id="sm-649">
         <name>__TI_int28</name>
         <value>0xffc8</value>
         <object_component_ref idref="oc-87"/>
      </symbol>
      <symbol id="sm-64c">
         <name>__TI_int29</name>
         <value>0xffca</value>
         <object_component_ref idref="oc-88"/>
      </symbol>
      <symbol id="sm-64f">
         <name>__TI_int30</name>
         <value>0xffcc</value>
         <object_component_ref idref="oc-89"/>
      </symbol>
      <symbol id="sm-652">
         <name>__TI_int31</name>
         <value>0xffce</value>
         <object_component_ref idref="oc-8a"/>
      </symbol>
      <symbol id="sm-655">
         <name>__TI_int32</name>
         <value>0xffd0</value>
         <object_component_ref idref="oc-8b"/>
      </symbol>
      <symbol id="sm-658">
         <name>__TI_int33</name>
         <value>0xffd2</value>
         <object_component_ref idref="oc-8c"/>
      </symbol>
      <symbol id="sm-65b">
         <name>__TI_int34</name>
         <value>0xffd4</value>
         <object_component_ref idref="oc-8d"/>
      </symbol>
      <symbol id="sm-65e">
         <name>__TI_int35</name>
         <value>0xffd6</value>
         <object_component_ref idref="oc-8e"/>
      </symbol>
      <symbol id="sm-661">
         <name>__TI_int36</name>
         <value>0xffd8</value>
         <object_component_ref idref="oc-8f"/>
      </symbol>
      <symbol id="sm-664">
         <name>__TI_int37</name>
         <value>0xffda</value>
         <object_component_ref idref="oc-90"/>
      </symbol>
      <symbol id="sm-667">
         <name>__TI_int38</name>
         <value>0xffdc</value>
         <object_component_ref idref="oc-91"/>
      </symbol>
      <symbol id="sm-66a">
         <name>__TI_int39</name>
         <value>0xffde</value>
         <object_component_ref idref="oc-92"/>
      </symbol>
      <symbol id="sm-66d">
         <name>__TI_int40</name>
         <value>0xffe0</value>
         <object_component_ref idref="oc-93"/>
      </symbol>
      <symbol id="sm-670">
         <name>__TI_int41</name>
         <value>0xffe2</value>
         <object_component_ref idref="oc-94"/>
      </symbol>
      <symbol id="sm-673">
         <name>__TI_int42</name>
         <value>0xffe4</value>
         <object_component_ref idref="oc-95"/>
      </symbol>
      <symbol id="sm-676">
         <name>__TI_int43</name>
         <value>0xffe6</value>
         <object_component_ref idref="oc-96"/>
      </symbol>
      <symbol id="sm-679">
         <name>__TI_int44</name>
         <value>0xffe8</value>
         <object_component_ref idref="oc-97"/>
      </symbol>
      <symbol id="sm-67c">
         <name>__TI_int45</name>
         <value>0xffea</value>
         <object_component_ref idref="oc-98"/>
      </symbol>
      <symbol id="sm-67f">
         <name>__TI_int46</name>
         <value>0xffec</value>
         <object_component_ref idref="oc-99"/>
      </symbol>
      <symbol id="sm-682">
         <name>__TI_int47</name>
         <value>0xffee</value>
         <object_component_ref idref="oc-9a"/>
      </symbol>
      <symbol id="sm-685">
         <name>__TI_int48</name>
         <value>0xfff0</value>
         <object_component_ref idref="oc-9b"/>
      </symbol>
      <symbol id="sm-688">
         <name>__TI_int49</name>
         <value>0xfff2</value>
         <object_component_ref idref="oc-9c"/>
      </symbol>
      <symbol id="sm-68b">
         <name>__TI_int50</name>
         <value>0xfff4</value>
         <object_component_ref idref="oc-9d"/>
      </symbol>
      <symbol id="sm-68e">
         <name>__TI_int51</name>
         <value>0xfff6</value>
         <object_component_ref idref="oc-9e"/>
      </symbol>
      <symbol id="sm-691">
         <name>__TI_int52</name>
         <value>0xfff8</value>
         <object_component_ref idref="oc-9f"/>
      </symbol>
      <symbol id="sm-694">
         <name>__TI_int53</name>
         <value>0xfffa</value>
         <object_component_ref idref="oc-a0"/>
      </symbol>
      <symbol id="sm-697">
         <name>__TI_int54</name>
         <value>0xfffc</value>
         <object_component_ref idref="oc-a1"/>
      </symbol>
      <symbol id="sm-6aa">
         <name>__TI_zero_init_nomemset</name>
         <value>0x10fe6</value>
         <object_component_ref idref="oc-643"/>
      </symbol>
      <symbol id="sm-6b2">
         <name>__mspabi_mpyi_f5hw</name>
         <value>0x1107e</value>
         <object_component_ref idref="oc-7bf"/>
      </symbol>
      <symbol id="sm-6c6">
         <name>_c_int00_noargs_mpu</name>
         <value>0x4800</value>
         <object_component_ref idref="oc-66d"/>
      </symbol>
      <symbol id="sm-6c7">
         <name>_stack</name>
         <value>0x2360</value>
         <object_component_ref idref="oc-61f"/>
      </symbol>
      <symbol id="sm-6c8">
         <name>_reset_vector</name>
         <value>0xfffe</value>
         <object_component_ref idref="oc-622"/>
      </symbol>
      <symbol id="sm-6d1">
         <name>__mpu_init</name>
         <value>0x10fba</value>
         <object_component_ref idref="oc-6b4"/>
      </symbol>
      <symbol id="sm-6f5">
         <name>__TI_auto_init_nobinit_nopinit_hold_wdt</name>
         <value>0x10bce</value>
         <object_component_ref idref="oc-6fd"/>
      </symbol>
      <symbol id="sm-6fe">
         <name>_system_post_cinit</name>
         <value>0x11134</value>
         <object_component_ref idref="oc-746"/>
      </symbol>
      <symbol id="sm-707">
         <name>_system_pre_init</name>
         <value>0x1112e</value>
         <object_component_ref idref="oc-69c"/>
      </symbol>
      <symbol id="sm-72b">
         <name>C$$EXIT</name>
         <value>0x11124</value>
         <object_component_ref idref="oc-6d9"/>
      </symbol>
      <symbol id="sm-72c">
         <name>abort</name>
         <value>0x11124</value>
         <object_component_ref idref="oc-6d9"/>
      </symbol>
      <symbol id="sm-72d">
         <name>__TI_enable_exit_profile_output</name>
         <value>0x1d8e</value>
         <object_component_ref idref="oc-73b"/>
      </symbol>
      <symbol id="sm-72e">
         <name>exit</name>
         <value>0x10c70</value>
         <object_component_ref idref="oc-6df"/>
      </symbol>
      <symbol id="sm-73d">
         <name>__TI_dtors_ptr</name>
         <value>0x1d80</value>
         <object_component_ref idref="oc-73e"/>
      </symbol>
      <symbol id="sm-73e">
         <name>__TI_cleanup_ptr</name>
         <value>0x1d7c</value>
         <object_component_ref idref="oc-741"/>
      </symbol>
      <symbol id="sm-754">
         <name>_nop</name>
         <value>0x11132</value>
         <object_component_ref idref="oc-767"/>
      </symbol>
      <symbol id="sm-755">
         <name>_lock</name>
         <value>0x1d84</value>
         <object_component_ref idref="oc-71d"/>
      </symbol>
      <symbol id="sm-756">
         <name>_unlock</name>
         <value>0x1d88</value>
         <object_component_ref idref="oc-735"/>
      </symbol>
      <symbol id="sm-764">
         <name>memcpy</name>
         <value>0x110d8</value>
         <object_component_ref idref="oc-631"/>
      </symbol>
      <symbol id="sm-787">
         <name>printf</name>
         <value>0x10cba</value>
         <object_component_ref idref="oc-6d2"/>
      </symbol>
      <symbol id="sm-7e0">
         <name>__TI_printfi_minimal</name>
         <value>0x10300</value>
         <object_component_ref idref="oc-72f"/>
      </symbol>
      <symbol id="sm-7ea">
         <name>__mspabi_remu</name>
         <value>0x110c2</value>
         <object_component_ref idref="oc-83d"/>
      </symbol>
      <symbol id="sm-7eb">
         <name>__mspabi_divu</name>
         <value>0x110c2</value>
         <object_component_ref idref="oc-83d"/>
      </symbol>
      <symbol id="sm-7fc">
         <name>__TI_tmpnams</name>
         <value>0x1d92</value>
      </symbol>
      <symbol id="sm-7fd">
         <name>_ftable</name>
         <value>0x1c00</value>
         <object_component_ref idref="oc-720"/>
      </symbol>
      <symbol id="sm-7fe">
         <name>__TI_ft_end</name>
         <value>0x1d8c</value>
         <object_component_ref idref="oc-8a2"/>
      </symbol>
      <symbol id="sm-811">
         <name>putc</name>
         <value>0x1060c</value>
         <object_component_ref idref="oc-77b"/>
      </symbol>
      <symbol id="sm-812">
         <name>fputc</name>
         <value>0x1060c</value>
         <object_component_ref idref="oc-77b"/>
      </symbol>
      <symbol id="sm-823">
         <name>__TI_doflush</name>
         <value>0x10ab6</value>
         <object_component_ref idref="oc-7dc"/>
      </symbol>
      <symbol id="sm-83b">
         <name>__TI_wrt_ok</name>
         <value>0x1072a</value>
         <object_component_ref idref="oc-7d0"/>
      </symbol>
      <symbol id="sm-853">
         <name>fputs</name>
         <value>0x10132</value>
         <object_component_ref idref="oc-774"/>
      </symbol>
      <symbol id="sm-868">
         <name>fseek</name>
         <value>0x10a4c</value>
         <object_component_ref idref="oc-81e"/>
      </symbol>
      <symbol id="sm-87b">
         <name>lseek</name>
         <value>0x10e12</value>
         <object_component_ref idref="oc-846"/>
      </symbol>
      <symbol id="sm-893">
         <name>_stream</name>
         <value>0x1d40</value>
         <object_component_ref idref="oc-830"/>
      </symbol>
      <symbol id="sm-894">
         <name>_device</name>
         <value>0x1cc8</value>
         <object_component_ref idref="oc-86d"/>
      </symbol>
      <symbol id="sm-895">
         <name>write</name>
         <value>0x10e50</value>
         <object_component_ref idref="oc-7e2"/>
      </symbol>
      <symbol id="sm-8a1">
         <name>HOSTclose</name>
         <value>0x10c22</value>
         <object_component_ref idref="oc-8ae"/>
      </symbol>
      <symbol id="sm-8ad">
         <name>HOSTlseek</name>
         <value>0x10572</value>
         <object_component_ref idref="oc-8c0"/>
      </symbol>
      <symbol id="sm-8bb">
         <name>parmbuf</name>
         <value>0x1e3c</value>
      </symbol>
      <symbol id="sm-8bc">
         <name>HOSTopen</name>
         <value>0x10906</value>
         <object_component_ref idref="oc-8a8"/>
      </symbol>
      <symbol id="sm-8c9">
         <name>HOSTread</name>
         <value>0x109e2</value>
         <object_component_ref idref="oc-8b4"/>
      </symbol>
      <symbol id="sm-8d5">
         <name>HOSTrename</name>
         <value>0x1081e</value>
         <object_component_ref idref="oc-8cc"/>
      </symbol>
      <symbol id="sm-8e1">
         <name>HOSTunlink</name>
         <value>0x10d4c</value>
         <object_component_ref idref="oc-8c6"/>
      </symbol>
      <symbol id="sm-8ee">
         <name>HOSTwrite</name>
         <value>0x10976</value>
         <object_component_ref idref="oc-8ba"/>
      </symbol>
      <symbol id="sm-90c">
         <name>__TI_readmsg</name>
         <value>0x10ef8</value>
         <object_component_ref idref="oc-8f5"/>
      </symbol>
      <symbol id="sm-90d">
         <name>C$$IO$$</name>
         <value>0x10ef4</value>
         <object_component_ref idref="oc-8ef"/>
      </symbol>
      <symbol id="sm-90e">
         <name>_CIOBUF_</name>
         <value>0x4400</value>
         <object_component_ref idref="oc-921"/>
      </symbol>
      <symbol id="sm-90f">
         <name>__TI_writemsg</name>
         <value>0x10ec2</value>
         <object_component_ref idref="oc-8ef"/>
      </symbol>
      <symbol id="sm-917">
         <name>__mspabi_slll_9</name>
         <value>0x10dec</value>
         <object_component_ref idref="oc-902"/>
      </symbol>
      <symbol id="sm-918">
         <name>__mspabi_slll_8</name>
         <value>0x10df0</value>
         <object_component_ref idref="oc-902"/>
      </symbol>
      <symbol id="sm-919">
         <name>__mspabi_slll_7</name>
         <value>0x10df4</value>
         <object_component_ref idref="oc-902"/>
      </symbol>
      <symbol id="sm-91a">
         <name>__mspabi_slll_6</name>
         <value>0x10df8</value>
         <object_component_ref idref="oc-902"/>
      </symbol>
      <symbol id="sm-91b">
         <name>__mspabi_slll_5</name>
         <value>0x10dfc</value>
         <object_component_ref idref="oc-902"/>
      </symbol>
      <symbol id="sm-91c">
         <name>__mspabi_slll_4</name>
         <value>0x10e00</value>
         <object_component_ref idref="oc-902"/>
      </symbol>
      <symbol id="sm-91d">
         <name>__mspabi_slll_3</name>
         <value>0x10e04</value>
         <object_component_ref idref="oc-902"/>
      </symbol>
      <symbol id="sm-91e">
         <name>__mspabi_slll_2</name>
         <value>0x10e08</value>
         <object_component_ref idref="oc-902"/>
      </symbol>
      <symbol id="sm-91f">
         <name>__mspabi_slll_1</name>
         <value>0x10e0c</value>
         <object_component_ref idref="oc-902"/>
      </symbol>
      <symbol id="sm-920">
         <name>__mspabi_slll_15</name>
         <value>0x10dd4</value>
         <object_component_ref idref="oc-902"/>
      </symbol>
      <symbol id="sm-921">
         <name>__mspabi_slll_14</name>
         <value>0x10dd8</value>
         <object_component_ref idref="oc-902"/>
      </symbol>
      <symbol id="sm-922">
         <name>__mspabi_slll_13</name>
         <value>0x10ddc</value>
         <object_component_ref idref="oc-902"/>
      </symbol>
      <symbol id="sm-923">
         <name>__mspabi_slll_12</name>
         <value>0x10de0</value>
         <object_component_ref idref="oc-902"/>
      </symbol>
      <symbol id="sm-924">
         <name>__mspabi_slll_11</name>
         <value>0x10de4</value>
         <object_component_ref idref="oc-902"/>
      </symbol>
      <symbol id="sm-925">
         <name>__mspabi_slll_10</name>
         <value>0x10de8</value>
         <object_component_ref idref="oc-902"/>
      </symbol>
      <symbol id="sm-934">
         <name>memccpy</name>
         <value>0x11028</value>
         <object_component_ref idref="oc-7fb"/>
      </symbol>
      <symbol id="sm-943">
         <name>memchr</name>
         <value>0x11096</value>
         <object_component_ref idref="oc-7d6"/>
      </symbol>
      <symbol id="sm-951">
         <name>memset</name>
         <value>0x110ac</value>
         <object_component_ref idref="oc-7ee"/>
      </symbol>
      <symbol id="sm-969">
         <name>setvbuf</name>
         <value>0x10222</value>
         <object_component_ref idref="oc-824"/>
      </symbol>
      <symbol id="sm-975">
         <name>__TI_cleanup</name>
         <value>0x10e8c</value>
         <object_component_ref idref="oc-85a"/>
      </symbol>
      <symbol id="sm-986">
         <name>__TI_closefile</name>
         <value>0x10892</value>
         <object_component_ref idref="oc-89c"/>
      </symbol>
      <symbol id="sm-998">
         <name>close</name>
         <value>0x10b1a</value>
         <object_component_ref idref="oc-8db"/>
      </symbol>
      <symbol id="sm-9e7">
         <name>_sys_memory</name>
         <value>0x4520</value>
         <object_component_ref idref="oc-623"/>
      </symbol>
      <symbol id="sm-9e8">
         <name>free</name>
         <value>0x1069c</value>
         <object_component_ref idref="oc-84e"/>
      </symbol>
      <symbol id="sm-9e9">
         <name>malloc</name>
         <value>0x104b6</value>
         <object_component_ref idref="oc-854"/>
      </symbol>
      <symbol id="sm-9ea">
         <name>minit</name>
         <value>0x10d92</value>
         <object_component_ref idref="oc-895"/>
      </symbol>
      <symbol id="sm-a0b">
         <name>finddevice</name>
         <value>0x10f8c</value>
         <object_component_ref idref="oc-944"/>
      </symbol>
      <symbol id="sm-a0c">
         <name>getdevice</name>
         <value>0x10b74</value>
         <object_component_ref idref="oc-915"/>
      </symbol>
      <symbol id="sm-a1c">
         <name>strchr</name>
         <value>0x11046</value>
         <object_component_ref idref="oc-938"/>
      </symbol>
      <symbol id="sm-a2a">
         <name>strcmp</name>
         <value>0x11062</value>
         <object_component_ref idref="oc-95d"/>
      </symbol>
      <symbol id="sm-a37">
         <name>strcpy</name>
         <value>0x110fe</value>
         <object_component_ref idref="oc-90b"/>
      </symbol>
      <symbol id="sm-a44">
         <name>strlen</name>
         <value>0x11110</value>
         <object_component_ref idref="oc-782"/>
      </symbol>
      <symbol id="sm-a54">
         <name>strncpy</name>
         <value>0x10f2a</value>
         <object_component_ref idref="oc-93e"/>
      </symbol>
      <symbol id="sm-a60">
         <name>unlink</name>
         <value>0x10f5c</value>
         <object_component_ref idref="oc-8e2"/>
      </symbol>
      <symbol id="sm-a65">
         <name>remove</name>
         <value>0x10f5c</value>
      </symbol>
   </symbol_table>
   <title>Link successful</title>
</link_info>
